#
# There is insufficient memory for the Java Runtime Environment to continue.
# Native memory allocation (malloc) failed to allocate 977936 bytes. Error detail: Chunk::new
# Possible reasons:
#   The system is out of physical RAM or swap space
#   This process is running with CompressedOops enabled, and the Java Heap may be blocking the growth of the native heap
# Possible solutions:
#   Reduce memory load on the system
#   Increase physical memory or swap space
#   Check if swap backing store is full
#   Decrease Java heap size (-Xmx/-Xms)
#   Decrease number of Java threads
#   Decrease Java thread stack sizes (-Xss)
#   Set larger code cache with -XX:ReservedCodeCacheSize=
#   JVM is running with Zero Based Compressed Oops mode in which the Java heap is
#     placed in the first 32GB address space. The Java Heap base address is the
#     maximum limit for the native heap growth. Please use -XX:HeapBaseMinAddress
#     to set the Java Heap base and to place the Java Heap above 32GB virtual address.
# This output file may be truncated or incomplete.
#
#  Out of Memory Error (arena.cpp:191), pid=21976, tid=33240
#
# JRE version: OpenJDK Runtime Environment Microsoft-10376486 (17.0.13+11) (build 17.0.13+11-LTS)
# Java VM: OpenJDK 64-Bit Server VM Microsoft-10376486 (17.0.13+11-LTS, mixed mode, sharing, tiered, compressed oops, compressed class ptrs, g1 gc, windows-amd64)
# No core dump will be written. Minidumps are not enabled by default on client versions of Windows
#

---------------  S U M M A R Y ------------

Command Line: --add-opens=java.base/java.lang=ALL-UNNAMED --add-opens=java.base/java.lang.invoke=ALL-UNNAMED --add-opens=java.base/java.util=ALL-UNNAMED --add-opens=java.prefs/java.util.prefs=ALL-UNNAMED --add-exports=jdk.compiler/com.sun.tools.javac.api=ALL-UNNAMED --add-exports=jdk.compiler/com.sun.tools.javac.util=ALL-UNNAMED --add-opens=java.base/java.util=ALL-UNNAMED --add-opens=java.prefs/java.util.prefs=ALL-UNNAMED --add-opens=java.base/java.nio.charset=ALL-UNNAMED --add-opens=java.base/java.net=ALL-UNNAMED --add-opens=java.base/java.util.concurrent.atomic=ALL-UNNAMED --add-opens=java.xml/javax.xml.namespace=ALL-UNNAMED -XX:MaxMetaspaceSize=4G -XX:ReservedCodeCacheSize=512m -XX:+HeapDumpOnOutOfMemoryError --enable-native-access=ALL-UNNAMED -Xmx8G -Dfile.encoding=UTF-8 -Duser.country=US -Duser.language=en -Duser.variant -javaagent:D:\flutter_tools\gradle\wrapper\dists\gradle-8.14-all\c2qonpi39x1mddn7hk5gh9iqj\gradle-8.14\lib\agents\gradle-instrumentation-agent-8.14.jar org.gradle.launcher.daemon.bootstrap.GradleDaemon 8.14

Host: Intel(R) Core(TM) i5-10300H CPU @ 2.50GHz, 8 cores, 15G,  Windows 11 , 64 bit Build 26100 (10.0.26100.7859)
Time: Fri Apr 24 17:12:41 2026 India Standard Time elapsed time: 23.553414 seconds (0d 0h 0m 23s)

---------------  T H R E A D  ---------------

Current thread (0x000001ffc7fa4ea0):  JavaThread "C2 CompilerThread1" daemon [_thread_in_native, id=33240, stack(0x0000003fb6f00000,0x0000003fb7000000)]


Current CompileTask:
C2:  23553 17085       4       org.jetbrains.org.objectweb.asm.tree.MethodNode::accept (874 bytes)

Stack: [0x0000003fb6f00000,0x0000003fb7000000]
Native frames: (J=compiled Java code, j=interpreted, Vv=VM code, C=native code)
V  [jvm.dll+0x687fc9]
V  [jvm.dll+0x83eeb8]
V  [jvm.dll+0x840963]
V  [jvm.dll+0x840fd3]
V  [jvm.dll+0x24951f]
V  [jvm.dll+0xad0c4]
V  [jvm.dll+0xad75c]
V  [jvm.dll+0x2b0c2f]
V  [jvm.dll+0x58e059]
V  [jvm.dll+0x2237a2]
V  [jvm.dll+0x223b9f]
V  [jvm.dll+0x21c950]
V  [jvm.dll+0x219a7b]
V  [jvm.dll+0x1a5506]
V  [jvm.dll+0x22a1ca]
V  [jvm.dll+0x22830b]
V  [jvm.dll+0x7f4708]
V  [jvm.dll+0x7eea6c]
V  [jvm.dll+0x686ea7]
C  [ucrtbase.dll+0x37b0]
C  [KERNEL32.DLL+0x2e8d7]
C  [ntdll.dll+0x8c48c]


---------------  P R O C E S S  ---------------

Threads class SMR info:
_java_thread_list=0x000001ffc907aee0, length=92, elements={
0x000001ff5f6d9b00, 0x000001ff7a94ddf0, 0x000001ff7a94e8c0, 0x000001ff7d207490,
0x000001ff7d20ad80, 0x000001ff7d20c1c0, 0x000001ff7d20f610, 0x000001ff7d2118f0,
0x000001ff7d21fd30, 0x000001ff7d2231c0, 0x000001ff7a93bfb0, 0x000001ff7d47ae50,
0x000001ffc3fc1780, 0x000001ffc419e750, 0x000001ffc4229ea0, 0x000001ffc447b590,
0x000001ffc447ba70, 0x000001ffc44a0b10, 0x000001ffc44a1530, 0x000001ffc44a1f50,
0x000001ffc44a3db0, 0x000001ffc44a0600, 0x000001ffc44a1a40, 0x000001ffc44a1020,
0x000001ffc44a2460, 0x000001ffc44a2970, 0x000001ffc44a2e80, 0x000001ffc44a3390,
0x000001ffc4f34450, 0x000001ffc4f33f40, 0x000001ffc4f320e0, 0x000001ffc4f33010,
0x000001ffc4f325f0, 0x000001ffc4f30ca0, 0x000001ffc4f34960, 0x000001ffc4f311b0,
0x000001ffc4f34e70, 0x000001ffc4f316c0, 0x000001ffc4f36cd0, 0x000001ffc4f376f0,
0x000001ffc4f35380, 0x000001ffc4f371e0, 0x000001ffc4f38110, 0x000001ffc4f35890,
0x000001ffc4f38620, 0x000001ffc4f362b0, 0x000001ffc4f37c00, 0x000001ffc4f367c0,
0x000001ffc4f35da0, 0x000001ffc6bf8fa0, 0x000001ffc6bf9ed0, 0x000001ffc6bf99c0,
0x000001ffc6bfa3e0, 0x000001ffc6bf94b0, 0x000001ffc6bfa8f0, 0x000001ffc6bfae00,
0x000001ffc6bf8580, 0x000001ffc6bfb310, 0x000001ffc6bf7b60, 0x000001ffc6bfc240,
0x000001ffc7fa4ea0, 0x000001ffc8449560, 0x000001ffc6bfe5b0, 0x000001ffc6bff4e0,
0x000001ffc6bfc750, 0x000001ffc4a80950, 0x000001ffc4a80e60, 0x000001ffc4a822a0,
0x000001ffc4a7f000, 0x000001ffc4a827b0, 0x000001ffc4a82cc0, 0x000001ffc4a81880,
0x000001ffc4a81d90, 0x000001ffc4a7f510, 0x000001ffc4a831d0, 0x000001ffc4a7fa20,
0x000001ffc4a836e0, 0x000001ffc4a7ff30, 0x000001ffc4a83bf0, 0x000001ffc4a80440,
0x000001ffc4a84100, 0x000001ffc4a86980, 0x000001ffc4a84610, 0x000001ffc4a84b20,
0x000001ffc4a85030, 0x000001ffc4a85a50, 0x000001ffc4a85f60, 0x000001ffc4a85540,
0x000001ffc4a86470, 0x000001ffc7117ef0, 0x000001ffc71179e0, 0x000001ffc711a260
}

Java Threads: ( => current thread )
  0x000001ff5f6d9b00 JavaThread "main" [_thread_blocked, id=29140, stack(0x0000003fb5c00000,0x0000003fb5d00000)]
  0x000001ff7a94ddf0 JavaThread "Reference Handler" daemon [_thread_blocked, id=2488, stack(0x0000003fb6300000,0x0000003fb6400000)]
  0x000001ff7a94e8c0 JavaThread "Finalizer" daemon [_thread_blocked, id=13468, stack(0x0000003fb6400000,0x0000003fb6500000)]
  0x000001ff7d207490 JavaThread "Signal Dispatcher" daemon [_thread_blocked, id=11960, stack(0x0000003fb6500000,0x0000003fb6600000)]
  0x000001ff7d20ad80 JavaThread "Attach Listener" daemon [_thread_blocked, id=2628, stack(0x0000003fb6600000,0x0000003fb6700000)]
  0x000001ff7d20c1c0 JavaThread "Service Thread" daemon [_thread_blocked, id=22956, stack(0x0000003fb6700000,0x0000003fb6800000)]
  0x000001ff7d20f610 JavaThread "Monitor Deflation Thread" daemon [_thread_blocked, id=15608, stack(0x0000003fb6800000,0x0000003fb6900000)]
  0x000001ff7d2118f0 JavaThread "C2 CompilerThread0" daemon [_thread_in_native, id=4172, stack(0x0000003fb6900000,0x0000003fb6a00000)]
  0x000001ff7d21fd30 JavaThread "C1 CompilerThread0" daemon [_thread_blocked, id=5056, stack(0x0000003fb6a00000,0x0000003fb6b00000)]
  0x000001ff7d2231c0 JavaThread "Sweeper thread" daemon [_thread_blocked, id=24672, stack(0x0000003fb6b00000,0x0000003fb6c00000)]
  0x000001ff7a93bfb0 JavaThread "Common-Cleaner" daemon [_thread_blocked, id=31928, stack(0x0000003fb6c00000,0x0000003fb6d00000)]
  0x000001ff7d47ae50 JavaThread "Notification Thread" daemon [_thread_blocked, id=31724, stack(0x0000003fb6d00000,0x0000003fb6e00000)]
  0x000001ffc3fc1780 JavaThread "Daemon health stats" [_thread_blocked, id=34224, stack(0x0000003fb7600000,0x0000003fb7700000)]
  0x000001ffc419e750 JavaThread "Incoming local TCP Connector on port 20088" [_thread_in_native, id=16292, stack(0x0000003fb7800000,0x0000003fb7900000)]
  0x000001ffc4229ea0 JavaThread "Daemon periodic checks" [_thread_blocked, id=35836, stack(0x0000003fb7900000,0x0000003fb7a00000)]
  0x000001ffc447b590 JavaThread "Daemon" [_thread_blocked, id=37296, stack(0x0000003fb7a00000,0x0000003fb7b00000)]
  0x000001ffc447ba70 JavaThread "Handler for socket connection from /127.0.0.1:20088 to /127.0.0.1:20089" [_thread_in_native, id=35092, stack(0x0000003fb7b00000,0x0000003fb7c00000)]
  0x000001ffc44a0b10 JavaThread "Cancel handler" [_thread_blocked, id=7196, stack(0x0000003fb7c00000,0x0000003fb7d00000)]
  0x000001ffc44a1530 JavaThread "Daemon worker" [_thread_blocked, id=4072, stack(0x0000003fb7d00000,0x0000003fb7e00000)]
  0x000001ffc44a1f50 JavaThread "Asynchronous log dispatcher for DefaultDaemonConnection: socket connection from /127.0.0.1:20088 to /127.0.0.1:20089" [_thread_blocked, id=2716, stack(0x0000003fb7e00000,0x0000003fb7f00000)]
  0x000001ffc44a3db0 JavaThread "Stdin handler" [_thread_blocked, id=32816, stack(0x0000003fb7f00000,0x0000003fb8000000)]
  0x000001ffc44a0600 JavaThread "Daemon client event forwarder" [_thread_blocked, id=21044, stack(0x0000003fb8000000,0x0000003fb8100000)]
  0x000001ffc44a1a40 JavaThread "Cache worker for journal cache (D:\flutter_tools\gradle\caches\journal-1)" [_thread_blocked, id=36040, stack(0x0000003fb8100000,0x0000003fb8200000)]
  0x000001ffc44a1020 JavaThread "File lock request listener" [_thread_in_native, id=24132, stack(0x0000003fb8200000,0x0000003fb8300000)]
  0x000001ffc44a2460 JavaThread "Cache worker for file hash cache (D:\flutter_tools\gradle\caches\8.14\fileHashes)" [_thread_blocked, id=10760, stack(0x0000003fb8300000,0x0000003fb8400000)]
  0x000001ffc44a2970 JavaThread "Cache worker for file hash cache (D:\sunkidz\mobile\android\.gradle\8.14\fileHashes)" [_thread_blocked, id=16020, stack(0x0000003fb8400000,0x0000003fb8500000)]
  0x000001ffc44a2e80 JavaThread "Cache worker for Build Output Cleanup Cache (D:\sunkidz\mobile\android\.gradle\buildOutputCleanup)" [_thread_blocked, id=26872, stack(0x0000003fb8500000,0x0000003fb8600000)]
  0x000001ffc44a3390 JavaThread "File watcher server" daemon [_thread_in_native, id=30220, stack(0x0000003fb8700000,0x0000003fb8800000)]
  0x000001ffc4f34450 JavaThread "File watcher consumer" daemon [_thread_blocked, id=6832, stack(0x0000003fb8800000,0x0000003fb8900000)]
  0x000001ffc4f33f40 JavaThread "jar transforms" [_thread_blocked, id=27448, stack(0x0000003fb8a00000,0x0000003fb8b00000)]
  0x000001ffc4f320e0 JavaThread "jar transforms Thread 2" [_thread_blocked, id=21020, stack(0x0000003fb8b00000,0x0000003fb8c00000)]
  0x000001ffc4f33010 JavaThread "Cache worker for checksums cache (D:\sunkidz\mobile\android\.gradle\8.14\checksums)" [_thread_blocked, id=26928, stack(0x0000003fb8c00000,0x0000003fb8d00000)]
  0x000001ffc4f325f0 JavaThread "Cache worker for file content cache (D:\flutter_tools\gradle\caches\8.14\fileContent)" [_thread_blocked, id=32712, stack(0x0000003fb8d00000,0x0000003fb8e00000)]
  0x000001ffc4f30ca0 JavaThread "Cache worker for cache directory md-supplier (D:\flutter_tools\gradle\caches\8.14\md-supplier)" [_thread_blocked, id=5820, stack(0x0000003fb8e00000,0x0000003fb8f00000)]
  0x000001ffc4f34960 JavaThread "Cache worker for cache directory md-rule (D:\flutter_tools\gradle\caches\8.14\md-rule)" [_thread_blocked, id=34528, stack(0x0000003fb8f00000,0x0000003fb9000000)]
  0x000001ffc4f311b0 JavaThread "Cache worker for Build Output Cleanup Cache (D:\flutter\packages\flutter_tools\gradle\.gradle\buildOutputCleanup)" [_thread_blocked, id=23836, stack(0x0000003fb9000000,0x0000003fb9100000)]
  0x000001ffc4f34e70 JavaThread "Unconstrained build operations" [_thread_blocked, id=2996, stack(0x0000003fb9100000,0x0000003fb9200000)]
  0x000001ffc4f316c0 JavaThread "Unconstrained build operations Thread 2" [_thread_blocked, id=33944, stack(0x0000003fb9200000,0x0000003fb9300000)]
  0x000001ffc4f36cd0 JavaThread "Unconstrained build operations Thread 3" [_thread_blocked, id=32000, stack(0x0000003fb9300000,0x0000003fb9400000)]
  0x000001ffc4f376f0 JavaThread "Unconstrained build operations Thread 4" [_thread_blocked, id=24684, stack(0x0000003fb9400000,0x0000003fb9500000)]
  0x000001ffc4f35380 JavaThread "Unconstrained build operations Thread 5" [_thread_blocked, id=27720, stack(0x0000003fb9500000,0x0000003fb9600000)]
  0x000001ffc4f371e0 JavaThread "Unconstrained build operations Thread 6" [_thread_blocked, id=35500, stack(0x0000003fb9600000,0x0000003fb9700000)]
  0x000001ffc4f38110 JavaThread "Unconstrained build operations Thread 7" [_thread_blocked, id=29328, stack(0x0000003fb9700000,0x0000003fb9800000)]
  0x000001ffc4f35890 JavaThread "Unconstrained build operations Thread 8" [_thread_blocked, id=18976, stack(0x0000003fb9800000,0x0000003fb9900000)]
  0x000001ffc4f38620 JavaThread "Unconstrained build operations Thread 9" [_thread_blocked, id=33824, stack(0x0000003fb9900000,0x0000003fb9a00000)]
  0x000001ffc4f362b0 JavaThread "Unconstrained build operations Thread 10" [_thread_blocked, id=26756, stack(0x0000003fb9a00000,0x0000003fb9b00000)]
  0x000001ffc4f37c00 JavaThread "Unconstrained build operations Thread 11" [_thread_blocked, id=28452, stack(0x0000003fb9b00000,0x0000003fb9c00000)]
  0x000001ffc4f367c0 JavaThread "Unconstrained build operations Thread 12" [_thread_blocked, id=4100, stack(0x0000003fb9c00000,0x0000003fb9d00000)]
  0x000001ffc4f35da0 JavaThread "Unconstrained build operations Thread 13" [_thread_blocked, id=20592, stack(0x0000003fb9d00000,0x0000003fb9e00000)]
  0x000001ffc6bf8fa0 JavaThread "Unconstrained build operations Thread 14" [_thread_blocked, id=21820, stack(0x0000003fb9e00000,0x0000003fb9f00000)]
  0x000001ffc6bf9ed0 JavaThread "Unconstrained build operations Thread 15" [_thread_blocked, id=32152, stack(0x0000003fb9f00000,0x0000003fba000000)]
  0x000001ffc6bf99c0 JavaThread "Unconstrained build operations Thread 16" [_thread_blocked, id=8280, stack(0x0000003fba000000,0x0000003fba100000)]
  0x000001ffc6bfa3e0 JavaThread "Unconstrained build operations Thread 17" [_thread_blocked, id=32780, stack(0x0000003fba100000,0x0000003fba200000)]
  0x000001ffc6bf94b0 JavaThread "Unconstrained build operations Thread 18" [_thread_blocked, id=12828, stack(0x0000003fba200000,0x0000003fba300000)]
  0x000001ffc6bfa8f0 JavaThread "Unconstrained build operations Thread 19" [_thread_blocked, id=23952, stack(0x0000003fba300000,0x0000003fba400000)]
  0x000001ffc6bfae00 JavaThread "Unconstrained build operations Thread 20" [_thread_blocked, id=5964, stack(0x0000003fba400000,0x0000003fba500000)]
  0x000001ffc6bf8580 JavaThread "Unconstrained build operations Thread 21" [_thread_blocked, id=26024, stack(0x0000003fba500000,0x0000003fba600000)]
  0x000001ffc6bfb310 JavaThread "Memory manager" [_thread_blocked, id=18660, stack(0x0000003fba600000,0x0000003fba700000)]
  0x000001ffc6bf7b60 JavaThread "build event listener" [_thread_blocked, id=1484, stack(0x0000003fb8900000,0x0000003fb8a00000)]
  0x000001ffc6bfc240 JavaThread "Kotlin DSL Writer" [_thread_blocked, id=10872, stack(0x0000003fba700000,0x0000003fba800000)]
=>0x000001ffc7fa4ea0 JavaThread "C2 CompilerThread1" daemon [_thread_in_native, id=33240, stack(0x0000003fb6f00000,0x0000003fb7000000)]
  0x000001ffc8449560 JavaThread "C2 CompilerThread2" daemon [_thread_in_native, id=31360, stack(0x0000003fba800000,0x0000003fba900000)]
  0x000001ffc6bfe5b0 JavaThread "included builds" [_thread_blocked, id=5268, stack(0x0000003fbad00000,0x0000003fbae00000)]
  0x000001ffc6bff4e0 JavaThread "Execution worker" [_thread_blocked, id=34500, stack(0x0000003fbae00000,0x0000003fbaf00000)]
  0x000001ffc6bfc750 JavaThread "Execution worker Thread 2" [_thread_in_vm, id=32736, stack(0x0000003fbaf00000,0x0000003fbb000000)]
  0x000001ffc4a80950 JavaThread "Execution worker Thread 3" [_thread_blocked, id=13984, stack(0x0000003fbb000000,0x0000003fbb100000)]
  0x000001ffc4a80e60 JavaThread "Execution worker Thread 4" [_thread_blocked, id=13888, stack(0x0000003fbb100000,0x0000003fbb200000)]
  0x000001ffc4a822a0 JavaThread "Execution worker Thread 5" [_thread_blocked, id=29508, stack(0x0000003fbb200000,0x0000003fbb300000)]
  0x000001ffc4a7f000 JavaThread "Execution worker Thread 6" [_thread_blocked, id=29536, stack(0x0000003fbb300000,0x0000003fbb400000)]
  0x000001ffc4a827b0 JavaThread "Execution worker Thread 7" [_thread_blocked, id=37756, stack(0x0000003fbb400000,0x0000003fbb500000)]
  0x000001ffc4a82cc0 JavaThread "Cache worker for execution history cache (D:\flutter\packages\flutter_tools\gradle\.gradle\8.14\executionHistory)" [_thread_blocked, id=6660, stack(0x0000003fbb500000,0x0000003fbb600000)]
  0x000001ffc4a81880 JavaThread "Unconstrained build operations Thread 22" [_thread_blocked, id=8540, stack(0x0000003fbb600000,0x0000003fbb700000)]
  0x000001ffc4a81d90 JavaThread "Unconstrained build operations Thread 23" [_thread_blocked, id=19272, stack(0x0000003fbb700000,0x0000003fbb800000)]
  0x000001ffc4a7f510 JavaThread "Unconstrained build operations Thread 24" [_thread_blocked, id=8344, stack(0x0000003fbb800000,0x0000003fbb900000)]
  0x000001ffc4a831d0 JavaThread "Unconstrained build operations Thread 25" [_thread_blocked, id=25072, stack(0x0000003fbb900000,0x0000003fbba00000)]
  0x000001ffc4a7fa20 JavaThread "Unconstrained build operations Thread 26" [_thread_blocked, id=32480, stack(0x0000003fbba00000,0x0000003fbbb00000)]
  0x000001ffc4a836e0 JavaThread "Unconstrained build operations Thread 27" [_thread_blocked, id=17196, stack(0x0000003fbbb00000,0x0000003fbbc00000)]
  0x000001ffc4a7ff30 JavaThread "Unconstrained build operations Thread 28" [_thread_blocked, id=32504, stack(0x0000003fbbc00000,0x0000003fbbd00000)]
  0x000001ffc4a83bf0 JavaThread "Unconstrained build operations Thread 29" [_thread_blocked, id=32888, stack(0x0000003fbbd00000,0x0000003fbbe00000)]
  0x000001ffc4a80440 JavaThread "Unconstrained build operations Thread 30" [_thread_blocked, id=11384, stack(0x0000003fbbe00000,0x0000003fbbf00000)]
  0x000001ffc4a84100 JavaThread "Unconstrained build operations Thread 31" [_thread_blocked, id=35476, stack(0x0000003fbbf00000,0x0000003fbc000000)]
  0x000001ffc4a86980 JavaThread "Unconstrained build operations Thread 32" [_thread_blocked, id=37316, stack(0x0000003fbc000000,0x0000003fbc100000)]
  0x000001ffc4a84610 JavaThread "Unconstrained build operations Thread 33" [_thread_blocked, id=37720, stack(0x0000003fbc100000,0x0000003fbc200000)]
  0x000001ffc4a84b20 JavaThread "Unconstrained build operations Thread 34" [_thread_blocked, id=22332, stack(0x0000003fbc200000,0x0000003fbc300000)]
  0x000001ffc4a85030 JavaThread "Unconstrained build operations Thread 35" [_thread_blocked, id=21732, stack(0x0000003fbc300000,0x0000003fbc400000)]
  0x000001ffc4a85a50 JavaThread "Unconstrained build operations Thread 36" [_thread_in_Java, id=18872, stack(0x0000003fbc400000,0x0000003fbc500000)]
  0x000001ffc4a85f60 JavaThread "Unconstrained build operations Thread 37" [_thread_blocked, id=32580, stack(0x0000003fbc500000,0x0000003fbc600000)]
  0x000001ffc4a85540 JavaThread "Unconstrained build operations Thread 38" [_thread_blocked, id=7948, stack(0x0000003fbc600000,0x0000003fbc700000)]
  0x000001ffc4a86470 JavaThread "Unconstrained build operations Thread 39" [_thread_blocked, id=17976, stack(0x0000003fbc700000,0x0000003fbc800000)]
  0x000001ffc7117ef0 JavaThread "Unconstrained build operations Thread 40" [_thread_in_native, id=31392, stack(0x0000003fbc800000,0x0000003fbc900000)]
  0x000001ffc71179e0 JavaThread "Unconstrained build operations Thread 41" [_thread_blocked, id=7520, stack(0x0000003fbc900000,0x0000003fbca00000)]
  0x000001ffc711a260 JavaThread "Unconstrained build operations Thread 42" [_thread_blocked, id=31268, stack(0x0000003fbca00000,0x0000003fbcb00000)]

Other Threads:
  0x000001ff7a94a2a0 VMThread "VM Thread" [stack: 0x0000003fb6200000,0x0000003fb6300000] [id=24168] _threads_hazard_ptr=0x000001ffc907aee0
  0x000001ff7d47bb40 WatcherThread [stack: 0x0000003fb6e00000,0x0000003fb6f00000] [id=32924]
  0x000001ff7a791120 GCTaskThread "GC Thread#0" [stack: 0x0000003fb5d00000,0x0000003fb5e00000] [id=15828]
  0x000001ff7d801290 GCTaskThread "GC Thread#1" [stack: 0x0000003fb7000000,0x0000003fb7100000] [id=37716]
  0x000001ff7d801550 GCTaskThread "GC Thread#2" [stack: 0x0000003fb7100000,0x0000003fb7200000] [id=5008]
  0x000001ff7d6bf2a0 GCTaskThread "GC Thread#3" [stack: 0x0000003fb7200000,0x0000003fb7300000] [id=28256]
  0x000001ff7d6c0320 GCTaskThread "GC Thread#4" [stack: 0x0000003fb7300000,0x0000003fb7400000] [id=16812]
  0x000001ff7d6c0060 GCTaskThread "GC Thread#5" [stack: 0x0000003fb7400000,0x0000003fb7500000] [id=35592]
  0x000001ff7d6bfda0 GCTaskThread "GC Thread#6" [stack: 0x0000003fb7500000,0x0000003fb7600000] [id=20836]
  0x000001ff7d6be7a0 GCTaskThread "GC Thread#7" [stack: 0x0000003fb7700000,0x0000003fb7800000] [id=24432]
  0x000001ff5f753f70 ConcurrentGCThread "G1 Main Marker" [stack: 0x0000003fb5e00000,0x0000003fb5f00000] [id=22008]
  0x000001ff5f7548a0 ConcurrentGCThread "G1 Conc#0" [stack: 0x0000003fb5f00000,0x0000003fb6000000] [id=20764]
  0x000001ff7d6bea60 ConcurrentGCThread "G1 Conc#1" [stack: 0x0000003fb8600000,0x0000003fb8700000] [id=24340]
  0x000001ff7a8028d0 ConcurrentGCThread "G1 Refine#0" [stack: 0x0000003fb6000000,0x0000003fb6100000] [id=31644]
  0x000001ffc59ecc60 ConcurrentGCThread "G1 Refine#1" [stack: 0x0000003fba900000,0x0000003fbaa00000] [id=19136]
  0x000001ffc5d149b0 ConcurrentGCThread "G1 Refine#2" [stack: 0x0000003fbaa00000,0x0000003fbab00000] [id=15300]
  0x000001ffc6b0f630 ConcurrentGCThread "G1 Refine#3" [stack: 0x0000003fbab00000,0x0000003fbac00000] [id=36740]
  0x000001ffc7c5f9b0 ConcurrentGCThread "G1 Refine#4" [stack: 0x0000003fbac00000,0x0000003fbad00000] [id=14552]
  0x000001ff7a803210 ConcurrentGCThread "G1 Service" [stack: 0x0000003fb6100000,0x0000003fb6200000] [id=35116]

Threads with active compile tasks:
C2 CompilerThread0    23600 17170   !   4       org.jetbrains.kotlin.metadata.ProtoBuf$Type::<init> (875 bytes)
C1 CompilerThread0    23600 17346 % !   3       org.jetbrains.kotlin.metadata.ProtoBuf$Class::<init> @ 66 (2890 bytes)
C2 CompilerThread1    23600 17085       4       org.jetbrains.org.objectweb.asm.tree.MethodNode::accept (874 bytes)
C2 CompilerThread2    23601 16813       4       org.jetbrains.org.objectweb.asm.ClassReader::readElementValue (1237 bytes)

VM state: synchronizing (normal execution)

VM Mutex/Monitor currently owned by a thread:  ([mutex/lock_event])
[0x000001ff5d3ac710] Threads_lock - owner thread: 0x000001ff7a94a2a0
[0x000001ff5f6d5780] Heap_lock - owner thread: 0x000001ffc71179e0

Heap address: 0x0000000600000000, size: 8192 MB, Compressed Oops mode: Zero based, Oop shift amount: 3

CDS archive(s) mapped at: [0x000001ff7e000000-0x000001ff7ebb0000-0x000001ff7ebb0000), size 12255232, SharedBaseAddress: 0x000001ff7e000000, ArchiveRelocationMode: 1.
Compressed class space mapped at: 0x000001ff7f000000-0x000001ffbf000000, reserved size: 1073741824
Narrow klass base: 0x000001ff7e000000, Narrow klass shift: 0, Narrow klass range: 0x100000000

GC Precious Log:
 CPUs: 8 total, 8 available
 Memory: 16221M
 Large Page Support: Disabled
 NUMA Support: Disabled
 Compressed Oops: Enabled (Zero based)
 Heap Region Size: 4M
 Heap Min Capacity: 8M
 Heap Initial Capacity: 256M
 Heap Max Capacity: 8G
 Pre-touch: Disabled
 Parallel Workers: 8
 Concurrent Workers: 2
 Concurrent Refinement Workers: 8
 Periodic GC: Disabled

Heap:
 garbage-first heap   total 729088K, used 533216K [0x0000000600000000, 0x0000000800000000)
  region size 4096K, 89 young (364544K), 1 survivors (4096K)
 Metaspace       used 141220K, committed 142080K, reserved 1179648K
  class space    used 18192K, committed 18560K, reserved 1048576K

Heap Regions: E=young(eden), S=young(survivor), O=old, HS=humongous(starts), HC=humongous(continues), CS=collection set, F=free, OA=open archive, CA=closed archive, TAMS=top-at-mark-start (previous, next)
|   0|0x0000000600000000, 0x0000000600400000, 0x0000000600400000|100%|HS|  |TAMS 0x0000000600400000, 0x0000000600000000| Complete 
|   1|0x0000000600400000, 0x0000000600800000, 0x0000000600800000|100%| O|  |TAMS 0x0000000600800000, 0x0000000600400000| Untracked 
|   2|0x0000000600800000, 0x0000000600b7e800, 0x0000000600c00000| 87%| O|  |TAMS 0x0000000600b7e800, 0x0000000600800000| Untracked 
|   3|0x0000000600c00000, 0x0000000601000000, 0x0000000601000000|100%| O|  |TAMS 0x0000000601000000, 0x0000000600c00000| Untracked 
|   4|0x0000000601000000, 0x0000000601400000, 0x0000000601400000|100%| O|  |TAMS 0x0000000601400000, 0x0000000601000000| Untracked 
|   5|0x0000000601400000, 0x0000000601800000, 0x0000000601800000|100%| O|  |TAMS 0x0000000601800000, 0x0000000601400000| Untracked 
|   6|0x0000000601800000, 0x0000000601c00000, 0x0000000601c00000|100%| O|  |TAMS 0x0000000601c00000, 0x0000000601800000| Untracked 
|   7|0x0000000601c00000, 0x0000000602000000, 0x0000000602000000|100%| O|  |TAMS 0x0000000602000000, 0x0000000601c00000| Untracked 
|   8|0x0000000602000000, 0x0000000602400000, 0x0000000602400000|100%| O|  |TAMS 0x0000000602400000, 0x0000000602000000| Untracked 
|   9|0x0000000602400000, 0x0000000602800000, 0x0000000602800000|100%|HS|  |TAMS 0x0000000602800000, 0x0000000602400000| Complete 
|  10|0x0000000602800000, 0x0000000602c00000, 0x0000000602c00000|100%| O|  |TAMS 0x0000000602c00000, 0x0000000602800000| Untracked 
|  11|0x0000000602c00000, 0x0000000603000000, 0x0000000603000000|100%| O|  |TAMS 0x0000000603000000, 0x0000000602c00000| Untracked 
|  12|0x0000000603000000, 0x0000000603400000, 0x0000000603400000|100%|HS|  |TAMS 0x0000000603400000, 0x0000000603000000| Complete 
|  13|0x0000000603400000, 0x0000000603800000, 0x0000000603800000|100%| O|  |TAMS 0x0000000603800000, 0x0000000603400000| Untracked 
|  14|0x0000000603800000, 0x0000000603c00000, 0x0000000603c00000|100%| O|  |TAMS 0x0000000603c00000, 0x0000000603800000| Untracked 
|  15|0x0000000603c00000, 0x0000000604000000, 0x0000000604000000|100%| O|  |TAMS 0x0000000604000000, 0x0000000603c00000| Untracked 
|  16|0x0000000604000000, 0x0000000604400000, 0x0000000604400000|100%| O|  |TAMS 0x0000000604400000, 0x0000000604000000| Untracked 
|  17|0x0000000604400000, 0x0000000604800000, 0x0000000604800000|100%| O|  |TAMS 0x0000000604800000, 0x0000000604400000| Untracked 
|  18|0x0000000604800000, 0x0000000604c00000, 0x0000000604c00000|100%| O|  |TAMS 0x0000000604c00000, 0x0000000604800000| Untracked 
|  19|0x0000000604c00000, 0x0000000605000000, 0x0000000605000000|100%| O|  |TAMS 0x0000000605000000, 0x0000000604c00000| Untracked 
|  20|0x0000000605000000, 0x0000000605400000, 0x0000000605400000|100%|HS|  |TAMS 0x0000000605400000, 0x0000000605000000| Complete 
|  21|0x0000000605400000, 0x0000000605800000, 0x0000000605800000|100%|HC|  |TAMS 0x0000000605800000, 0x0000000605400000| Complete 
|  22|0x0000000605800000, 0x0000000605c00000, 0x0000000605c00000|100%| O|  |TAMS 0x0000000605c00000, 0x0000000605800000| Untracked 
|  23|0x0000000605c00000, 0x0000000606000000, 0x0000000606000000|100%| O|  |TAMS 0x0000000606000000, 0x0000000605c00000| Untracked 
|  24|0x0000000606000000, 0x0000000606400000, 0x0000000606400000|100%| O|  |TAMS 0x0000000606400000, 0x0000000606000000| Untracked 
|  25|0x0000000606400000, 0x0000000606800000, 0x0000000606800000|100%| O|  |TAMS 0x0000000606800000, 0x0000000606400000| Untracked 
|  26|0x0000000606800000, 0x0000000606c00000, 0x0000000606c00000|100%| O|  |TAMS 0x0000000606c00000, 0x0000000606800000| Complete 
|  27|0x0000000606c00000, 0x0000000607000000, 0x0000000607000000|100%| O|  |TAMS 0x0000000607000000, 0x0000000606c00000| Untracked 
|  28|0x0000000607000000, 0x0000000607400000, 0x0000000607400000|100%| O|  |TAMS 0x0000000607400000, 0x0000000607000000| Untracked 
|  29|0x0000000607400000, 0x0000000607800000, 0x0000000607800000|100%| O|  |TAMS 0x0000000607800000, 0x0000000607400000| Untracked 
|  30|0x0000000607800000, 0x0000000607c00000, 0x0000000607c00000|100%| O|  |TAMS 0x0000000607c00000, 0x0000000607800000| Untracked 
|  31|0x0000000607c00000, 0x0000000608000000, 0x0000000608000000|100%| O|  |TAMS 0x0000000608000000, 0x0000000607c00000| Untracked 
|  32|0x0000000608000000, 0x0000000608400000, 0x0000000608400000|100%| O|  |TAMS 0x0000000608400000, 0x0000000608000000| Untracked 
|  33|0x0000000608400000, 0x0000000608800000, 0x0000000608800000|100%| O|  |TAMS 0x0000000608800000, 0x0000000608400000| Untracked 
|  34|0x0000000608800000, 0x0000000608c00000, 0x0000000608c00000|100%| O|  |TAMS 0x0000000608c00000, 0x0000000608800000| Untracked 
|  35|0x0000000608c00000, 0x0000000609000000, 0x0000000609000000|100%| O|  |TAMS 0x0000000609000000, 0x0000000608c00000| Untracked 
|  36|0x0000000609000000, 0x0000000609400000, 0x0000000609400000|100%| O|  |TAMS 0x0000000609400000, 0x0000000609000000| Untracked 
|  37|0x0000000609400000, 0x0000000609800000, 0x0000000609800000|100%| O|  |TAMS 0x0000000609590200, 0x0000000609400000| Untracked 
|  38|0x0000000609800000, 0x0000000609c00000, 0x0000000609c00000|100%| O|  |TAMS 0x0000000609800000, 0x0000000609800000| Untracked 
|  39|0x0000000609c00000, 0x000000060a000000, 0x000000060a000000|100%| O|  |TAMS 0x0000000609c00000, 0x0000000609c00000| Untracked 
|  40|0x000000060a000000, 0x000000060a2fa600, 0x000000060a400000| 74%| O|  |TAMS 0x000000060a000000, 0x000000060a000000| Untracked 
|  41|0x000000060a400000, 0x000000060a400000, 0x000000060a800000|  0%| F|  |TAMS 0x000000060a400000, 0x000000060a400000| Untracked 
|  42|0x000000060a800000, 0x000000060a800000, 0x000000060ac00000|  0%| F|  |TAMS 0x000000060a800000, 0x000000060a800000| Untracked 
|  43|0x000000060ac00000, 0x000000060ac00000, 0x000000060b000000|  0%| F|  |TAMS 0x000000060ac00000, 0x000000060ac00000| Untracked 
|  44|0x000000060b000000, 0x000000060b000000, 0x000000060b400000|  0%| F|  |TAMS 0x000000060b000000, 0x000000060b000000| Untracked 
|  45|0x000000060b400000, 0x000000060b400000, 0x000000060b800000|  0%| F|  |TAMS 0x000000060b400000, 0x000000060b400000| Untracked 
|  46|0x000000060b800000, 0x000000060b800000, 0x000000060bc00000|  0%| F|  |TAMS 0x000000060b800000, 0x000000060b800000| Untracked 
|  47|0x000000060bc00000, 0x000000060bc00000, 0x000000060c000000|  0%| F|  |TAMS 0x000000060bc00000, 0x000000060bc00000| Untracked 
|  48|0x000000060c000000, 0x000000060c000000, 0x000000060c400000|  0%| F|  |TAMS 0x000000060c000000, 0x000000060c000000| Untracked 
|  49|0x000000060c400000, 0x000000060c400000, 0x000000060c800000|  0%| F|  |TAMS 0x000000060c400000, 0x000000060c400000| Untracked 
|  50|0x000000060c800000, 0x000000060c800000, 0x000000060cc00000|  0%| F|  |TAMS 0x000000060c800000, 0x000000060c800000| Untracked 
|  51|0x000000060cc00000, 0x000000060cc00000, 0x000000060d000000|  0%| F|  |TAMS 0x000000060cc00000, 0x000000060cc00000| Untracked 
|  52|0x000000060d000000, 0x000000060d000000, 0x000000060d400000|  0%| F|  |TAMS 0x000000060d000000, 0x000000060d000000| Untracked 
|  53|0x000000060d400000, 0x000000060d400000, 0x000000060d800000|  0%| F|  |TAMS 0x000000060d400000, 0x000000060d400000| Untracked 
|  54|0x000000060d800000, 0x000000060d800000, 0x000000060dc00000|  0%| F|  |TAMS 0x000000060d800000, 0x000000060d800000| Untracked 
|  55|0x000000060dc00000, 0x000000060dc00000, 0x000000060e000000|  0%| F|  |TAMS 0x000000060dc00000, 0x000000060dc00000| Untracked 
|  56|0x000000060e000000, 0x000000060e000000, 0x000000060e400000|  0%| F|  |TAMS 0x000000060e000000, 0x000000060e000000| Untracked 
|  57|0x000000060e400000, 0x000000060e400000, 0x000000060e800000|  0%| F|  |TAMS 0x000000060e400000, 0x000000060e400000| Untracked 
|  58|0x000000060e800000, 0x000000060e800000, 0x000000060ec00000|  0%| F|  |TAMS 0x000000060e800000, 0x000000060e800000| Untracked 
|  59|0x000000060ec00000, 0x000000060ec00000, 0x000000060f000000|  0%| F|  |TAMS 0x000000060ec00000, 0x000000060ec00000| Untracked 
|  60|0x000000060f000000, 0x000000060f000000, 0x000000060f400000|  0%| F|  |TAMS 0x000000060f000000, 0x000000060f000000| Untracked 
|  61|0x000000060f400000, 0x000000060f400000, 0x000000060f800000|  0%| F|  |TAMS 0x000000060f400000, 0x000000060f400000| Untracked 
|  62|0x000000060f800000, 0x000000060f800000, 0x000000060fc00000|  0%| F|  |TAMS 0x000000060f800000, 0x000000060f800000| Untracked 
|  63|0x000000060fc00000, 0x000000060fc00000, 0x0000000610000000|  0%| F|  |TAMS 0x000000060fc00000, 0x000000060fc00000| Untracked 
|  64|0x0000000610000000, 0x0000000610000000, 0x0000000610400000|  0%| F|  |TAMS 0x0000000610000000, 0x0000000610000000| Untracked 
|  65|0x0000000610400000, 0x0000000610400000, 0x0000000610800000|  0%| F|  |TAMS 0x0000000610400000, 0x0000000610400000| Untracked 
|  66|0x0000000610800000, 0x0000000610800000, 0x0000000610c00000|  0%| F|  |TAMS 0x0000000610800000, 0x0000000610800000| Untracked 
|  67|0x0000000610c00000, 0x0000000610c00000, 0x0000000611000000|  0%| F|  |TAMS 0x0000000610c00000, 0x0000000610c00000| Untracked 
|  68|0x0000000611000000, 0x0000000611000000, 0x0000000611400000|  0%| F|  |TAMS 0x0000000611000000, 0x0000000611000000| Untracked 
|  69|0x0000000611400000, 0x0000000611400000, 0x0000000611800000|  0%| F|  |TAMS 0x0000000611400000, 0x0000000611400000| Untracked 
|  70|0x0000000611800000, 0x0000000611800000, 0x0000000611c00000|  0%| F|  |TAMS 0x0000000611800000, 0x0000000611800000| Untracked 
|  71|0x0000000611c00000, 0x0000000611c00000, 0x0000000612000000|  0%| F|  |TAMS 0x0000000611c00000, 0x0000000611c00000| Untracked 
|  72|0x0000000612000000, 0x0000000612000000, 0x0000000612400000|  0%| F|  |TAMS 0x0000000612000000, 0x0000000612000000| Untracked 
|  73|0x0000000612400000, 0x0000000612400000, 0x0000000612800000|  0%| F|  |TAMS 0x0000000612400000, 0x0000000612400000| Untracked 
|  74|0x0000000612800000, 0x0000000612800000, 0x0000000612c00000|  0%| F|  |TAMS 0x0000000612800000, 0x0000000612800000| Untracked 
|  75|0x0000000612c00000, 0x0000000612c00000, 0x0000000613000000|  0%| F|  |TAMS 0x0000000612c00000, 0x0000000612c00000| Untracked 
|  76|0x0000000613000000, 0x0000000613000000, 0x0000000613400000|  0%| F|  |TAMS 0x0000000613000000, 0x0000000613000000| Untracked 
|  77|0x0000000613400000, 0x0000000613400000, 0x0000000613800000|  0%| F|  |TAMS 0x0000000613400000, 0x0000000613400000| Untracked 
|  78|0x0000000613800000, 0x0000000613800000, 0x0000000613c00000|  0%| F|  |TAMS 0x0000000613800000, 0x0000000613800000| Untracked 
|  79|0x0000000613c00000, 0x0000000613e3f388, 0x0000000614000000| 56%| S|CS|TAMS 0x0000000613c00000, 0x0000000613c00000| Complete 
|  80|0x0000000614000000, 0x0000000614000000, 0x0000000614400000|  0%| F|  |TAMS 0x0000000614000000, 0x0000000614000000| Untracked 
|  81|0x0000000614400000, 0x0000000614400000, 0x0000000614800000|  0%| F|  |TAMS 0x0000000614400000, 0x0000000614400000| Untracked 
|  82|0x0000000614800000, 0x0000000614800000, 0x0000000614c00000|  0%| F|  |TAMS 0x0000000614800000, 0x0000000614800000| Untracked 
|  83|0x0000000614c00000, 0x0000000614c00000, 0x0000000615000000|  0%| F|  |TAMS 0x0000000614c00000, 0x0000000614c00000| Untracked 
|  84|0x0000000615000000, 0x0000000615000000, 0x0000000615400000|  0%| F|  |TAMS 0x0000000615000000, 0x0000000615000000| Untracked 
|  85|0x0000000615400000, 0x0000000615400000, 0x0000000615800000|  0%| F|  |TAMS 0x0000000615400000, 0x0000000615400000| Untracked 
|  86|0x0000000615800000, 0x0000000615800000, 0x0000000615c00000|  0%| F|  |TAMS 0x0000000615800000, 0x0000000615800000| Untracked 
|  87|0x0000000615c00000, 0x0000000615c00000, 0x0000000616000000|  0%| F|  |TAMS 0x0000000615c00000, 0x0000000615c00000| Untracked 
|  88|0x0000000616000000, 0x0000000616400000, 0x0000000616400000|100%| E|CS|TAMS 0x0000000616000000, 0x0000000616000000| Complete 
|  89|0x0000000616400000, 0x0000000616800000, 0x0000000616800000|100%| E|CS|TAMS 0x0000000616400000, 0x0000000616400000| Complete 
|  90|0x0000000616800000, 0x0000000616c00000, 0x0000000616c00000|100%| E|CS|TAMS 0x0000000616800000, 0x0000000616800000| Complete 
|  91|0x0000000616c00000, 0x0000000617000000, 0x0000000617000000|100%| E|CS|TAMS 0x0000000616c00000, 0x0000000616c00000| Complete 
|  92|0x0000000617000000, 0x0000000617400000, 0x0000000617400000|100%| E|CS|TAMS 0x0000000617000000, 0x0000000617000000| Complete 
|  93|0x0000000617400000, 0x0000000617800000, 0x0000000617800000|100%| E|CS|TAMS 0x0000000617400000, 0x0000000617400000| Complete 
|  94|0x0000000617800000, 0x0000000617c00000, 0x0000000617c00000|100%| E|CS|TAMS 0x0000000617800000, 0x0000000617800000| Complete 
|  95|0x0000000617c00000, 0x0000000618000000, 0x0000000618000000|100%| E|CS|TAMS 0x0000000617c00000, 0x0000000617c00000| Complete 
|  96|0x0000000618000000, 0x0000000618400000, 0x0000000618400000|100%| E|CS|TAMS 0x0000000618000000, 0x0000000618000000| Complete 
|  97|0x0000000618400000, 0x0000000618800000, 0x0000000618800000|100%| E|CS|TAMS 0x0000000618400000, 0x0000000618400000| Complete 
|  98|0x0000000618800000, 0x0000000618c00000, 0x0000000618c00000|100%| E|CS|TAMS 0x0000000618800000, 0x0000000618800000| Complete 
|  99|0x0000000618c00000, 0x0000000619000000, 0x0000000619000000|100%| E|CS|TAMS 0x0000000618c00000, 0x0000000618c00000| Complete 
| 100|0x0000000619000000, 0x0000000619400000, 0x0000000619400000|100%| E|CS|TAMS 0x0000000619000000, 0x0000000619000000| Complete 
| 101|0x0000000619400000, 0x0000000619800000, 0x0000000619800000|100%| E|CS|TAMS 0x0000000619400000, 0x0000000619400000| Complete 
| 102|0x0000000619800000, 0x0000000619c00000, 0x0000000619c00000|100%| E|CS|TAMS 0x0000000619800000, 0x0000000619800000| Complete 
| 103|0x0000000619c00000, 0x000000061a000000, 0x000000061a000000|100%| E|CS|TAMS 0x0000000619c00000, 0x0000000619c00000| Complete 
| 104|0x000000061a000000, 0x000000061a400000, 0x000000061a400000|100%| E|CS|TAMS 0x000000061a000000, 0x000000061a000000| Complete 
| 105|0x000000061a400000, 0x000000061a800000, 0x000000061a800000|100%| E|CS|TAMS 0x000000061a400000, 0x000000061a400000| Complete 
| 106|0x000000061a800000, 0x000000061ac00000, 0x000000061ac00000|100%| E|  |TAMS 0x000000061a800000, 0x000000061a800000| Complete 
| 107|0x000000061ac00000, 0x000000061b000000, 0x000000061b000000|100%| E|CS|TAMS 0x000000061ac00000, 0x000000061ac00000| Complete 
| 108|0x000000061b000000, 0x000000061b400000, 0x000000061b400000|100%| E|CS|TAMS 0x000000061b000000, 0x000000061b000000| Complete 
| 109|0x000000061b400000, 0x000000061b800000, 0x000000061b800000|100%| E|CS|TAMS 0x000000061b400000, 0x000000061b400000| Complete 
| 110|0x000000061b800000, 0x000000061bc00000, 0x000000061bc00000|100%| E|CS|TAMS 0x000000061b800000, 0x000000061b800000| Complete 
| 111|0x000000061bc00000, 0x000000061c000000, 0x000000061c000000|100%| E|CS|TAMS 0x000000061bc00000, 0x000000061bc00000| Complete 
| 112|0x000000061c000000, 0x000000061c400000, 0x000000061c400000|100%| E|CS|TAMS 0x000000061c000000, 0x000000061c000000| Complete 
| 113|0x000000061c400000, 0x000000061c800000, 0x000000061c800000|100%| E|CS|TAMS 0x000000061c400000, 0x000000061c400000| Complete 
| 114|0x000000061c800000, 0x000000061cc00000, 0x000000061cc00000|100%| E|CS|TAMS 0x000000061c800000, 0x000000061c800000| Complete 
| 115|0x000000061cc00000, 0x000000061d000000, 0x000000061d000000|100%| E|CS|TAMS 0x000000061cc00000, 0x000000061cc00000| Complete 
| 116|0x000000061d000000, 0x000000061d400000, 0x000000061d400000|100%| E|CS|TAMS 0x000000061d000000, 0x000000061d000000| Complete 
| 117|0x000000061d400000, 0x000000061d800000, 0x000000061d800000|100%| E|CS|TAMS 0x000000061d400000, 0x000000061d400000| Complete 
| 118|0x000000061d800000, 0x000000061dc00000, 0x000000061dc00000|100%| E|CS|TAMS 0x000000061d800000, 0x000000061d800000| Complete 
| 119|0x000000061dc00000, 0x000000061e000000, 0x000000061e000000|100%| E|CS|TAMS 0x000000061dc00000, 0x000000061dc00000| Complete 
| 120|0x000000061e000000, 0x000000061e400000, 0x000000061e400000|100%| E|CS|TAMS 0x000000061e000000, 0x000000061e000000| Complete 
| 121|0x000000061e400000, 0x000000061e800000, 0x000000061e800000|100%| E|CS|TAMS 0x000000061e400000, 0x000000061e400000| Complete 
| 122|0x000000061e800000, 0x000000061ec00000, 0x000000061ec00000|100%| E|CS|TAMS 0x000000061e800000, 0x000000061e800000| Complete 
| 123|0x000000061ec00000, 0x000000061f000000, 0x000000061f000000|100%| E|CS|TAMS 0x000000061ec00000, 0x000000061ec00000| Complete 
| 124|0x000000061f000000, 0x000000061f400000, 0x000000061f400000|100%| E|CS|TAMS 0x000000061f000000, 0x000000061f000000| Complete 
| 125|0x000000061f400000, 0x000000061f800000, 0x000000061f800000|100%| E|CS|TAMS 0x000000061f400000, 0x000000061f400000| Complete 
| 126|0x000000061f800000, 0x000000061fc00000, 0x000000061fc00000|100%| E|CS|TAMS 0x000000061f800000, 0x000000061f800000| Complete 
| 127|0x000000061fc00000, 0x0000000620000000, 0x0000000620000000|100%| E|CS|TAMS 0x000000061fc00000, 0x000000061fc00000| Complete 
| 128|0x0000000620000000, 0x0000000620400000, 0x0000000620400000|100%| E|CS|TAMS 0x0000000620000000, 0x0000000620000000| Complete 
| 129|0x0000000620400000, 0x0000000620800000, 0x0000000620800000|100%| E|CS|TAMS 0x0000000620400000, 0x0000000620400000| Complete 
| 130|0x0000000620800000, 0x0000000620c00000, 0x0000000620c00000|100%| E|CS|TAMS 0x0000000620800000, 0x0000000620800000| Complete 
| 131|0x0000000620c00000, 0x0000000621000000, 0x0000000621000000|100%| E|CS|TAMS 0x0000000620c00000, 0x0000000620c00000| Complete 
| 132|0x0000000621000000, 0x0000000621400000, 0x0000000621400000|100%| E|CS|TAMS 0x0000000621000000, 0x0000000621000000| Complete 
| 133|0x0000000621400000, 0x0000000621800000, 0x0000000621800000|100%| E|CS|TAMS 0x0000000621400000, 0x0000000621400000| Complete 
| 134|0x0000000621800000, 0x0000000621c00000, 0x0000000621c00000|100%| E|CS|TAMS 0x0000000621800000, 0x0000000621800000| Complete 
| 135|0x0000000621c00000, 0x0000000622000000, 0x0000000622000000|100%| E|CS|TAMS 0x0000000621c00000, 0x0000000621c00000| Complete 
| 136|0x0000000622000000, 0x0000000622400000, 0x0000000622400000|100%| E|CS|TAMS 0x0000000622000000, 0x0000000622000000| Complete 
| 137|0x0000000622400000, 0x0000000622800000, 0x0000000622800000|100%| E|CS|TAMS 0x0000000622400000, 0x0000000622400000| Complete 
| 138|0x0000000622800000, 0x0000000622c00000, 0x0000000622c00000|100%| E|CS|TAMS 0x0000000622800000, 0x0000000622800000| Complete 
| 139|0x0000000622c00000, 0x0000000623000000, 0x0000000623000000|100%| E|CS|TAMS 0x0000000622c00000, 0x0000000622c00000| Complete 
| 140|0x0000000623000000, 0x0000000623400000, 0x0000000623400000|100%| E|CS|TAMS 0x0000000623000000, 0x0000000623000000| Complete 
| 141|0x0000000623400000, 0x0000000623800000, 0x0000000623800000|100%| E|CS|TAMS 0x0000000623400000, 0x0000000623400000| Complete 
| 142|0x0000000623800000, 0x0000000623c00000, 0x0000000623c00000|100%| E|CS|TAMS 0x0000000623800000, 0x0000000623800000| Complete 
| 143|0x0000000623c00000, 0x0000000624000000, 0x0000000624000000|100%| E|CS|TAMS 0x0000000623c00000, 0x0000000623c00000| Complete 
| 144|0x0000000624000000, 0x0000000624400000, 0x0000000624400000|100%| E|CS|TAMS 0x0000000624000000, 0x0000000624000000| Complete 
| 145|0x0000000624400000, 0x0000000624800000, 0x0000000624800000|100%| E|CS|TAMS 0x0000000624400000, 0x0000000624400000| Complete 
| 146|0x0000000624800000, 0x0000000624c00000, 0x0000000624c00000|100%| E|CS|TAMS 0x0000000624800000, 0x0000000624800000| Complete 
| 147|0x0000000624c00000, 0x0000000625000000, 0x0000000625000000|100%| E|CS|TAMS 0x0000000624c00000, 0x0000000624c00000| Complete 
| 148|0x0000000625000000, 0x0000000625400000, 0x0000000625400000|100%| E|CS|TAMS 0x0000000625000000, 0x0000000625000000| Complete 
| 149|0x0000000625400000, 0x0000000625800000, 0x0000000625800000|100%| E|CS|TAMS 0x0000000625400000, 0x0000000625400000| Complete 
| 150|0x0000000625800000, 0x0000000625c00000, 0x0000000625c00000|100%| E|CS|TAMS 0x0000000625800000, 0x0000000625800000| Complete 
| 151|0x0000000625c00000, 0x0000000626000000, 0x0000000626000000|100%| E|CS|TAMS 0x0000000625c00000, 0x0000000625c00000| Complete 
| 152|0x0000000626000000, 0x0000000626400000, 0x0000000626400000|100%| E|CS|TAMS 0x0000000626000000, 0x0000000626000000| Complete 
| 153|0x0000000626400000, 0x0000000626800000, 0x0000000626800000|100%| E|CS|TAMS 0x0000000626400000, 0x0000000626400000| Complete 
| 154|0x0000000626800000, 0x0000000626c00000, 0x0000000626c00000|100%| E|CS|TAMS 0x0000000626800000, 0x0000000626800000| Complete 
| 155|0x0000000626c00000, 0x0000000627000000, 0x0000000627000000|100%| E|CS|TAMS 0x0000000626c00000, 0x0000000626c00000| Complete 
| 156|0x0000000627000000, 0x0000000627400000, 0x0000000627400000|100%| E|CS|TAMS 0x0000000627000000, 0x0000000627000000| Complete 
| 157|0x0000000627400000, 0x0000000627800000, 0x0000000627800000|100%| E|CS|TAMS 0x0000000627400000, 0x0000000627400000| Complete 
| 158|0x0000000627800000, 0x0000000627c00000, 0x0000000627c00000|100%| E|CS|TAMS 0x0000000627800000, 0x0000000627800000| Complete 
| 159|0x0000000627c00000, 0x0000000628000000, 0x0000000628000000|100%| E|CS|TAMS 0x0000000627c00000, 0x0000000627c00000| Complete 
| 160|0x0000000628000000, 0x0000000628400000, 0x0000000628400000|100%| E|CS|TAMS 0x0000000628000000, 0x0000000628000000| Complete 
| 161|0x0000000628400000, 0x0000000628800000, 0x0000000628800000|100%| E|CS|TAMS 0x0000000628400000, 0x0000000628400000| Complete 
| 162|0x0000000628800000, 0x0000000628c00000, 0x0000000628c00000|100%| E|CS|TAMS 0x0000000628800000, 0x0000000628800000| Complete 
| 163|0x0000000628c00000, 0x0000000629000000, 0x0000000629000000|100%| E|CS|TAMS 0x0000000628c00000, 0x0000000628c00000| Complete 
| 164|0x0000000629000000, 0x0000000629400000, 0x0000000629400000|100%| E|CS|TAMS 0x0000000629000000, 0x0000000629000000| Complete 
| 165|0x0000000629400000, 0x0000000629800000, 0x0000000629800000|100%| E|CS|TAMS 0x0000000629400000, 0x0000000629400000| Complete 
| 166|0x0000000629800000, 0x0000000629c00000, 0x0000000629c00000|100%| E|CS|TAMS 0x0000000629800000, 0x0000000629800000| Complete 
| 167|0x0000000629c00000, 0x000000062a000000, 0x000000062a000000|100%| E|CS|TAMS 0x0000000629c00000, 0x0000000629c00000| Complete 
| 168|0x000000062a000000, 0x000000062a400000, 0x000000062a400000|100%| E|CS|TAMS 0x000000062a000000, 0x000000062a000000| Complete 
| 169|0x000000062a400000, 0x000000062a800000, 0x000000062a800000|100%| E|CS|TAMS 0x000000062a400000, 0x000000062a400000| Complete 
| 170|0x000000062a800000, 0x000000062ac00000, 0x000000062ac00000|100%| E|CS|TAMS 0x000000062a800000, 0x000000062a800000| Complete 
| 171|0x000000062ac00000, 0x000000062b000000, 0x000000062b000000|100%| E|CS|TAMS 0x000000062ac00000, 0x000000062ac00000| Complete 
| 172|0x000000062b000000, 0x000000062b400000, 0x000000062b400000|100%| E|CS|TAMS 0x000000062b000000, 0x000000062b000000| Complete 
| 173|0x000000062b400000, 0x000000062b800000, 0x000000062b800000|100%| E|CS|TAMS 0x000000062b400000, 0x000000062b400000| Complete 
| 174|0x000000062b800000, 0x000000062bc00000, 0x000000062bc00000|100%| E|CS|TAMS 0x000000062b800000, 0x000000062b800000| Complete 
| 175|0x000000062bc00000, 0x000000062c000000, 0x000000062c000000|100%| E|CS|TAMS 0x000000062bc00000, 0x000000062bc00000| Complete 
|2046|0x00000007ff800000, 0x00000007ffc00000, 0x00000007ffc00000|100%| O|  |TAMS 0x00000007ffc00000, 0x00000007ff800000| Untracked 
|2047|0x00000007ffc00000, 0x0000000800000000, 0x0000000800000000|100%| O|  |TAMS 0x0000000800000000, 0x00000007ffc00000| Untracked 

Card table byte_map: [0x000001ff68750000,0x000001ff69750000] _byte_map_base: 0x000001ff65750000

Marking Bits (Prev, Next): (CMBitMap*) 0x000001ff7a791590, (CMBitMap*) 0x000001ff7a791550
 Prev Bits: [0x000001ff72750000, 0x000001ff7a750000)
 Next Bits: [0x000001ff6a750000, 0x000001ff72750000)

Polling page: 0x000001ff5d650000

Metaspace:

Usage:
  Non-class:    120.14 MB used.
      Class:     17.77 MB used.
       Both:    137.91 MB used.

Virtual space:
  Non-class space:      128.00 MB reserved,     120.62 MB ( 94%) committed,  2 nodes.
      Class space:        1.00 GB reserved,      18.12 MB (  2%) committed,  1 nodes.
             Both:        1.12 GB reserved,     138.75 MB ( 12%) committed. 

Chunk freelists:
   Non-Class:  6.89 MB
       Class:  13.69 MB
        Both:  20.58 MB

MaxMetaspaceSize: 4.00 GB
CompressedClassSpaceSize: 1.00 GB
Initial GC threshold: 21.00 MB
Current GC threshold: 230.56 MB
CDS: on
MetaspaceReclaimPolicy: balanced
 - commit_granule_bytes: 65536.
 - commit_granule_words: 8192.
 - virtual_space_node_default_size: 8388608.
 - enlarge_chunks_in_place: 1.
 - new_chunks_are_fully_committed: 0.
 - uncommit_free_chunks: 1.
 - use_allocation_guard: 0.
 - handle_deallocations: 1.


Internal statistics:

num_allocs_failed_limit: 12.
num_arena_births: 1226.
num_arena_deaths: 2.
num_vsnodes_births: 3.
num_vsnodes_deaths: 0.
num_space_committed: 2218.
num_space_uncommitted: 0.
num_chunks_returned_to_freelist: 18.
num_chunks_taken_from_freelist: 6762.
num_chunk_merges: 13.
num_chunk_splits: 4926.
num_chunks_enlarged: 3837.
num_inconsistent_stats: 0.

CodeHeap 'non-profiled nmethods': size=259264Kb used=8283Kb max_used=8887Kb free=250981Kb
 bounds [0x000001ff102d0000, 0x000001ff10b90000, 0x000001ff20000000]
CodeHeap 'profiled nmethods': size=259264Kb used=31156Kb max_used=32259Kb free=228107Kb
 bounds [0x000001ff00000000, 0x000001ff01f90000, 0x000001ff0fd30000]
CodeHeap 'non-nmethods': size=5760Kb used=2584Kb max_used=2714Kb free=3176Kb
 bounds [0x000001ff0fd30000, 0x000001ff10000000, 0x000001ff102d0000]
 total_blobs=15595 nmethods=14447 adapters=1057
 compilation: enabled
              stopped_count=0, restarted_count=0
 full_count=0

Compilation events (20 events):
Event: 23.543 Thread 0x000001ff7d21fd30 nmethod 17291 0x000001ff00730590 code [0x000001ff007307c0, 0x000001ff00730e78]
Event: 23.543 Thread 0x000001ff7d21fd30 17292       2       org.jetbrains.kotlin.incremental.KotlinClassInfo::getCompanionObject (15 bytes)
Event: 23.543 Thread 0x000001ff7d21fd30 nmethod 17292 0x000001ff002b8390 code [0x000001ff002b8540, 0x000001ff002b86e8]
Event: 23.543 Thread 0x000001ff7d21fd30 17293       2       org.jetbrains.kotlin.incremental.KotlinClassInfo::companionObject_delegate$lambda$5 (62 bytes)
Event: 23.544 Thread 0x000001ff7d21fd30 nmethod 17293 0x000001ff00a31710 code [0x000001ff00a31960, 0x000001ff00a31f48]
Event: 23.544 Thread 0x000001ff7d21fd30 17301       2       org.jetbrains.kotlin.incremental.ClassNodeSnapshotter::snapshotClassExcludingMembers (193 bytes)
Event: 23.545 Thread 0x000001ff7d21fd30 nmethod 17301 0x000001ff01e33c90 code [0x000001ff01e33f20, 0x000001ff01e349f8]
Event: 23.546 Thread 0x000001ff7d21fd30 17302       3       org.jetbrains.org.objectweb.asm.AnnotationWriter::visit (959 bytes)
Event: 23.548 Thread 0x000001ff7d21fd30 nmethod 17302 0x000001ff0173fa10 code [0x000001ff01740140, 0x000001ff01744238]
Event: 23.548 Thread 0x000001ff7d21fd30 17294       2       org.jetbrains.kotlin.incremental.ClassProtoData::<init> (28 bytes)
Event: 23.549 Thread 0x000001ff7d21fd30 nmethod 17294 0x000001ff00ab2990 code [0x000001ff00ab2bc0, 0x000001ff00ab30f8]
Event: 23.549 Thread 0x000001ff7d21fd30 17295       2       org.jetbrains.kotlin.incremental.KotlinClassInfo::getConstantsInCompanionObject (15 bytes)
Event: 23.549 Thread 0x000001ff7d21fd30 nmethod 17295 0x000001ff005e0790 code [0x000001ff005e0940, 0x000001ff005e0b08]
Event: 23.549 Thread 0x000001ff7d21fd30 17296       2       org.jetbrains.kotlin.incremental.KotlinClassInfo$$Lambda$3137/0x000001ff80235220::invoke (8 bytes)
Event: 23.549 Thread 0x000001ff7d21fd30 nmethod 17296 0x000001ff01e85490 code [0x000001ff01e85620, 0x000001ff01e85748]
Event: 23.549 Thread 0x000001ff7d21fd30 17297       2       org.jetbrains.kotlin.incremental.KotlinClassInfo::constantsInCompanionObject_delegate$lambda$6 (48 bytes)
Event: 23.549 Thread 0x000001ff7d21fd30 nmethod 17297 0x000001ff00082c10 code [0x000001ff00082e60, 0x000001ff00083478]
Event: 23.550 Thread 0x000001ff7d21fd30 17306       3       org.jetbrains.kotlin.incremental.classpathDiff.KotlinClassHeaderClassVisitor::visitAnnotation (25 bytes)
Event: 23.550 Thread 0x000001ff7d21fd30 nmethod 17306 0x000001ff000e0010 code [0x000001ff000e0240, 0x000001ff000e0968]
Event: 23.550 Thread 0x000001ff7d21fd30 17298       2       org.jetbrains.kotlin.incremental.ProtoDifferenceUtilsKt::getCompanionObjectName (37 bytes)

GC Heap History (20 events):
Event: 19.883 GC heap before
{Heap before GC invocations=39 (full 0):
 garbage-first heap   total 204800K, used 164469K [0x0000000600000000, 0x0000000800000000)
  region size 4096K, 13 young (53248K), 2 survivors (8192K)
 Metaspace       used 119539K, committed 120256K, reserved 1179648K
  class space    used 15905K, committed 16256K, reserved 1048576K
}
Event: 19.889 GC heap after
{Heap after GC invocations=40 (full 0):
 garbage-first heap   total 204800K, used 123484K [0x0000000600000000, 0x0000000800000000)
  region size 4096K, 1 young (4096K), 1 survivors (4096K)
 Metaspace       used 119539K, committed 120256K, reserved 1179648K
  class space    used 15905K, committed 16256K, reserved 1048576K
}
Event: 20.536 GC heap before
{Heap before GC invocations=41 (full 0):
 garbage-first heap   total 225280K, used 164444K [0x0000000600000000, 0x0000000800000000)
  region size 4096K, 11 young (45056K), 1 survivors (4096K)
 Metaspace       used 125360K, committed 126144K, reserved 1179648K
  class space    used 16461K, committed 16832K, reserved 1048576K
}
Event: 20.539 GC heap after
{Heap after GC invocations=42 (full 0):
 garbage-first heap   total 225280K, used 124455K [0x0000000600000000, 0x0000000800000000)
  region size 4096K, 2 young (8192K), 2 survivors (8192K)
 Metaspace       used 125360K, committed 126144K, reserved 1179648K
  class space    used 16461K, committed 16832K, reserved 1048576K
}
Event: 21.277 GC heap before
{Heap before GC invocations=42 (full 0):
 garbage-first heap   total 225280K, used 177703K [0x0000000600000000, 0x0000000800000000)
  region size 4096K, 15 young (61440K), 2 survivors (8192K)
 Metaspace       used 131935K, committed 132800K, reserved 1179648K
  class space    used 17088K, committed 17472K, reserved 1048576K
}
Event: 21.281 GC heap after
{Heap after GC invocations=43 (full 0):
 garbage-first heap   total 225280K, used 126456K [0x0000000600000000, 0x0000000800000000)
  region size 4096K, 1 young (4096K), 1 survivors (4096K)
 Metaspace       used 131935K, committed 132800K, reserved 1179648K
  class space    used 17088K, committed 17472K, reserved 1048576K
}
Event: 21.979 GC heap before
{Heap before GC invocations=44 (full 0):
 garbage-first heap   total 233472K, used 179704K [0x0000000600000000, 0x0000000800000000)
  region size 4096K, 14 young (57344K), 1 survivors (4096K)
 Metaspace       used 135487K, committed 136320K, reserved 1179648K
  class space    used 17682K, committed 18048K, reserved 1048576K
}
Event: 21.984 GC heap after
{Heap after GC invocations=45 (full 0):
 garbage-first heap   total 233472K, used 121263K [0x0000000600000000, 0x0000000800000000)
  region size 4096K, 2 young (8192K), 2 survivors (8192K)
 Metaspace       used 135487K, committed 136320K, reserved 1179648K
  class space    used 17682K, committed 18048K, reserved 1048576K
}
Event: 22.511 GC heap before
{Heap before GC invocations=45 (full 0):
 garbage-first heap   total 233472K, used 145839K [0x0000000600000000, 0x0000000800000000)
  region size 4096K, 10 young (40960K), 2 survivors (8192K)
 Metaspace       used 136689K, committed 137536K, reserved 1179648K
  class space    used 17844K, committed 18240K, reserved 1048576K
}
Event: 22.516 GC heap after
{Heap after GC invocations=46 (full 0):
 garbage-first heap   total 233472K, used 126740K [0x0000000600000000, 0x0000000800000000)
  region size 4096K, 3 young (12288K), 3 survivors (12288K)
 Metaspace       used 136689K, committed 137536K, reserved 1179648K
  class space    used 17844K, committed 18240K, reserved 1048576K
}
Event: 22.664 GC heap before
{Heap before GC invocations=46 (full 0):
 garbage-first heap   total 303104K, used 192276K [0x0000000600000000, 0x0000000800000000)
  region size 4096K, 18 young (73728K), 3 survivors (12288K)
 Metaspace       used 138263K, committed 139072K, reserved 1179648K
  class space    used 17921K, committed 18304K, reserved 1048576K
}
Event: 22.675 GC heap after
{Heap after GC invocations=47 (full 0):
 garbage-first heap   total 303104K, used 153490K [0x0000000600000000, 0x0000000800000000)
  region size 4096K, 3 young (12288K), 3 survivors (12288K)
 Metaspace       used 138263K, committed 139072K, reserved 1179648K
  class space    used 17921K, committed 18304K, reserved 1048576K
}
Event: 22.788 GC heap before
{Heap before GC invocations=48 (full 0):
 garbage-first heap   total 303104K, used 231314K [0x0000000600000000, 0x0000000800000000)
  region size 4096K, 22 young (90112K), 3 survivors (12288K)
 Metaspace       used 139852K, committed 140800K, reserved 1179648K
  class space    used 18070K, committed 18496K, reserved 1048576K
}
Event: 22.798 GC heap after
{Heap after GC invocations=49 (full 0):
 garbage-first heap   total 303104K, used 173114K [0x0000000600000000, 0x0000000800000000)
  region size 4096K, 3 young (12288K), 3 survivors (12288K)
 Metaspace       used 139852K, committed 140800K, reserved 1179648K
  class space    used 18070K, committed 18496K, reserved 1048576K
}
Event: 22.882 GC heap before
{Heap before GC invocations=49 (full 0):
 garbage-first heap   total 303104K, used 230458K [0x0000000600000000, 0x0000000800000000)
  region size 4096K, 17 young (69632K), 3 survivors (12288K)
 Metaspace       used 140454K, committed 141376K, reserved 1179648K
  class space    used 18152K, committed 18560K, reserved 1048576K
}
Event: 22.891 GC heap after
{Heap after GC invocations=50 (full 0):
 garbage-first heap   total 303104K, used 176989K [0x0000000600000000, 0x0000000800000000)
  region size 4096K, 1 young (4096K), 1 survivors (4096K)
 Metaspace       used 140454K, committed 141376K, reserved 1179648K
  class space    used 18152K, committed 18560K, reserved 1048576K
}
Event: 22.978 GC heap before
{Heap before GC invocations=50 (full 0):
 garbage-first heap   total 303104K, used 238429K [0x0000000600000000, 0x0000000800000000)
  region size 4096K, 16 young (65536K), 1 survivors (4096K)
 Metaspace       used 140666K, committed 141568K, reserved 1179648K
  class space    used 18167K, committed 18560K, reserved 1048576K
}
Event: 22.980 GC heap after
{Heap after GC invocations=51 (full 0):
 garbage-first heap   total 303104K, used 176460K [0x0000000600000000, 0x0000000800000000)
  region size 4096K, 1 young (4096K), 1 survivors (4096K)
 Metaspace       used 140666K, committed 141568K, reserved 1179648K
  class space    used 18167K, committed 18560K, reserved 1048576K
}
Event: 23.055 GC heap before
{Heap before GC invocations=51 (full 0):
 garbage-first heap   total 364544K, used 241996K [0x0000000600000000, 0x0000000800000000)
  region size 4096K, 17 young (69632K), 1 survivors (4096K)
 Metaspace       used 140746K, committed 141632K, reserved 1179648K
  class space    used 18169K, committed 18560K, reserved 1048576K
}
Event: 23.091 GC heap after
{Heap after GC invocations=52 (full 0):
 garbage-first heap   total 729088K, used 176864K [0x0000000600000000, 0x0000000800000000)
  region size 4096K, 1 young (4096K), 1 survivors (4096K)
 Metaspace       used 140746K, committed 141632K, reserved 1179648K
  class space    used 18169K, committed 18560K, reserved 1048576K
}

Dll operation events (15 events):
Event: 0.013 Loaded shared library C:\Program Files\Microsoft\jdk-17.0.13.11-hotspot\bin\java.dll
Event: 0.030 Loaded shared library C:\Program Files\Microsoft\jdk-17.0.13.11-hotspot\bin\jsvml.dll
Event: 0.083 Loaded shared library C:\Program Files\Microsoft\jdk-17.0.13.11-hotspot\bin\zip.dll
Event: 0.088 Loaded shared library C:\Program Files\Microsoft\jdk-17.0.13.11-hotspot\bin\instrument.dll
Event: 0.094 Loaded shared library C:\Program Files\Microsoft\jdk-17.0.13.11-hotspot\bin\net.dll
Event: 0.097 Loaded shared library C:\Program Files\Microsoft\jdk-17.0.13.11-hotspot\bin\nio.dll
Event: 0.100 Loaded shared library C:\Program Files\Microsoft\jdk-17.0.13.11-hotspot\bin\zip.dll
Event: 0.326 Loaded shared library C:\Program Files\Microsoft\jdk-17.0.13.11-hotspot\bin\jimage.dll
Event: 0.455 Loaded shared library C:\Program Files\Microsoft\jdk-17.0.13.11-hotspot\bin\verify.dll
Event: 0.531 Loaded shared library D:\flutter_tools\gradle\native\1def1411415f61bf3af743bc5b6707747c0891f09f0c88961ee8f79bc544acac\windows-amd64\native-platform.dll
Event: 0.541 Loaded shared library D:\flutter_tools\gradle\native\0.2.7\x86_64-windows-gnu\gradle-fileevents.dll
Event: 1.188 Loaded shared library C:\Program Files\Microsoft\jdk-17.0.13.11-hotspot\bin\management.dll
Event: 1.193 Loaded shared library C:\Program Files\Microsoft\jdk-17.0.13.11-hotspot\bin\management_ext.dll
Event: 1.528 Loaded shared library C:\Program Files\Microsoft\jdk-17.0.13.11-hotspot\bin\extnet.dll
Event: 1.771 Loaded shared library C:\Program Files\Microsoft\jdk-17.0.13.11-hotspot\bin\sunmscapi.dll

Deoptimization events (20 events):
Event: 23.437 Thread 0x000001ffc71179e0 DEOPT PACKING pc=0x000001ff109cfebc sp=0x0000003fbc9fb1b0
Event: 23.437 Thread 0x000001ffc71179e0 DEOPT UNPACKING pc=0x000001ff0fd869a3 sp=0x0000003fbc9fb218 mode 2
Event: 23.447 Thread 0x000001ffc711a260 Uncommon trap: trap_request=0xffffff45 fr.pc=0x000001ff10703984 relative=0x0000000000000864
Event: 23.448 Thread 0x000001ffc711a260 Uncommon trap: reason=unstable_if action=reinterpret pc=0x000001ff10703984 method=org.gradle.internal.snapshot.VfsRelativePath.compareToFirstSegment(Ljava/lang/String;Lorg/gradle/internal/snapshot/CaseSensitivity;)I @ 156 c2
Event: 23.449 Thread 0x000001ffc711a260 DEOPT PACKING pc=0x000001ff10703984 sp=0x0000003fbcafc2f0
Event: 23.449 Thread 0x000001ffc711a260 DEOPT UNPACKING pc=0x000001ff0fd869a3 sp=0x0000003fbcafc270 mode 2
Event: 23.465 Thread 0x000001ffc711a260 Uncommon trap: trap_request=0xffffff45 fr.pc=0x000001ff10b654dc relative=0x0000000000003ebc
Event: 23.465 Thread 0x000001ffc711a260 Uncommon trap: reason=unstable_if action=reinterpret pc=0x000001ff10b654dc method=org.gradle.api.internal.changedetection.state.MetaInfAwareClasspathResourceHasher.filter(Lorg/gradle/internal/fingerprint/hashing/ZipEntryContext;)Z @ 28 c2
Event: 23.465 Thread 0x000001ffc711a260 DEOPT PACKING pc=0x000001ff10b654dc sp=0x0000003fbcafbc20
Event: 23.465 Thread 0x000001ffc711a260 DEOPT UNPACKING pc=0x000001ff0fd869a3 sp=0x0000003fbcafbb08 mode 2
Event: 23.466 Thread 0x000001ffc711a260 Uncommon trap: trap_request=0xffffff45 fr.pc=0x000001ff10564e54 relative=0x00000000000005f4
Event: 23.466 Thread 0x000001ffc711a260 Uncommon trap: reason=unstable_if action=reinterpret pc=0x000001ff10564e54 method=sun.security.provider.DigestBase.engineUpdate([BII)V @ 1 c2
Event: 23.466 Thread 0x000001ffc711a260 DEOPT PACKING pc=0x000001ff10564e54 sp=0x0000003fbcafbcc0
Event: 23.466 Thread 0x000001ffc711a260 DEOPT UNPACKING pc=0x000001ff0fd869a3 sp=0x0000003fbcafbc98 mode 2
Event: 23.469 Thread 0x000001ffc711a260 DEOPT PACKING pc=0x000001ff01bb2d6e sp=0x0000003fbcafac50
Event: 23.469 Thread 0x000001ffc711a260 DEOPT UNPACKING pc=0x000001ff0fd87143 sp=0x0000003fbcafa188 mode 0
Event: 23.524 Thread 0x000001ffc711a260 Uncommon trap: trap_request=0xffffff45 fr.pc=0x000001ff10b4cc04 relative=0x0000000000001104
Event: 23.524 Thread 0x000001ffc711a260 Uncommon trap: reason=unstable_if action=reinterpret pc=0x000001ff10b4cc04 method=org.gradle.api.internal.changedetection.state.MetaInfAwareClasspathResourceHasher.filter(Lorg/gradle/internal/fingerprint/hashing/ZipEntryContext;)Z @ 28 c2
Event: 23.524 Thread 0x000001ffc711a260 DEOPT PACKING pc=0x000001ff10b4cc04 sp=0x0000003fbcafbb30
Event: 23.524 Thread 0x000001ffc711a260 DEOPT UNPACKING pc=0x000001ff0fd869a3 sp=0x0000003fbcafba98 mode 2

Classes loaded (20 events):
Event: 21.627 Loading class jdk/internal/reflect/UnsafeStaticObjectFieldAccessorImpl
Event: 21.627 Loading class jdk/internal/reflect/UnsafeStaticObjectFieldAccessorImpl done
Event: 21.668 Loading class java/util/Comparators$NaturalOrderComparator
Event: 21.669 Loading class java/util/Comparators$NaturalOrderComparator done
Event: 21.842 Loading class java/util/ArrayList$SubList$2
Event: 21.842 Loading class java/util/ArrayList$SubList$2 done
Event: 21.962 Loading class java/util/TreeMap$KeySpliterator
Event: 21.962 Loading class java/util/TreeMap$TreeMapSpliterator
Event: 21.962 Loading class java/util/TreeMap$TreeMapSpliterator done
Event: 21.962 Loading class java/util/TreeMap$KeySpliterator done
Event: 21.992 Loading class java/io/ObjectStreamClass$ExceptionInfo
Event: 21.992 Loading class java/io/ObjectStreamClass$ExceptionInfo done
Event: 21.994 Loading class java/util/HashMap$UnsafeHolder
Event: 21.994 Loading class java/util/HashMap$UnsafeHolder done
Event: 22.004 Loading class java/util/stream/ReduceOps$6
Event: 22.004 Loading class java/util/stream/ReduceOps$6 done
Event: 22.004 Loading class java/util/stream/ReduceOps$5ReducingSink
Event: 22.004 Loading class java/util/stream/ReduceOps$5ReducingSink done
Event: 22.486 Loading class java/rmi/RemoteException
Event: 22.486 Loading class java/rmi/RemoteException done

Classes unloaded (5 events):
Event: 9.222 Thread 0x000001ff7a94a2a0 Unloading class 0x000001ff7f53c000 '_BuildScript_$_run_closure1$_closure2'
Event: 9.222 Thread 0x000001ff7a94a2a0 Unloading class 0x000001ff7f534a98 '_BuildScript_$_run_closure1'
Event: 9.222 Thread 0x000001ff7a94a2a0 Unloading class 0x000001ff7f534568 '_BuildScript_'
Event: 9.222 Thread 0x000001ff7a94a2a0 Unloading class 0x000001ff7f5342b0 'GradleAnnotationProcessorPatchPlugin$AnnotationProcessorModelBuilder'
Event: 9.222 Thread 0x000001ff7a94a2a0 Unloading class 0x000001ff7f534000 'GradleAnnotationProcessorPatchPlugin'

Classes redefined (0 events):
No events

Internal exceptions (20 events):
Event: 21.920 Thread 0x000001ffc6bfe5b0 Exception <a 'java/lang/NoSuchMethodError'{0x000000060ae55be8}: 'java.lang.Object java.lang.invoke.DirectMethodHandle$Holder.newInvokeSpecial(java.lang.Object, java.lang.Object, int, java.lang.Object, java.lang.Object)'> (0x000000060ae55be8) 
thrown [s\src\hotspot\share\interpreter\linkResolver.cpp, line 759]
Event: 21.920 Thread 0x000001ffc6bfe5b0 Exception <a 'java/lang/NoSuchMethodError'{0x000000060ae59b68}: 'java.lang.Object java.lang.invoke.Invokers$Holder.linkToTargetMethod(java.lang.Object, int, java.lang.Object, java.lang.Object, java.lang.Object)'> (0x000000060ae59b68) 
thrown [s\src\hotspot\share\interpreter\linkResolver.cpp, line 759]
Event: 21.966 Thread 0x000001ffc44a0600 Exception <a 'java/lang/NoSuchMethodError'{0x000000060aa92e68}: static Lorg/gradle/internal/build/event/types/DefaultTaskStartedProgressEvent;.<clinit>()V> (0x000000060aa92e68) 
thrown [s\src\hotspot\share\prims\jni.cpp, line 1112]
Event: 21.967 Thread 0x000001ffc44a0600 Exception <a 'java/lang/NoSuchMethodError'{0x000000060aa9f100}: static Lorg/gradle/internal/build/event/types/DefaultTaskDescriptor;.<clinit>()V> (0x000000060aa9f100) 
thrown [s\src\hotspot\share\prims\jni.cpp, line 1112]
Event: 21.972 Thread 0x000001ffc44a0600 Exception <a 'java/lang/NoSuchMethodError'{0x000000060ab0a0c0}: static Lorg/gradle/internal/build/event/types/DefaultTaskFinishedProgressEvent;.<clinit>()V> (0x000000060ab0a0c0) 
thrown [s\src\hotspot\share\prims\jni.cpp, line 1112]
Event: 21.973 Thread 0x000001ffc44a0600 Exception <a 'java/lang/NoSuchMethodError'{0x000000060ab6e1e0}: static Lorg/gradle/internal/build/event/types/DefaultTaskSkippedResult;.<clinit>()V> (0x000000060ab6e1e0) 
thrown [s\src\hotspot\share\prims\jni.cpp, line 1112]
Event: 21.973 Thread 0x000001ffc44a0600 Exception <a 'java/lang/NoSuchMethodError'{0x000000060ab6f748}: static Lorg/gradle/internal/build/event/types/AbstractTaskResult;.<clinit>()V> (0x000000060ab6f748) 
thrown [s\src\hotspot\share\prims\jni.cpp, line 1112]
Event: 21.974 Thread 0x000001ffc6bfc750 Exception <a 'java/lang/NoSuchMethodError'{0x000000060aaec638}: 'void java.lang.invoke.DirectMethodHandle$Holder.invokeSpecial(java.lang.Object, java.lang.Object, java.lang.Object, java.lang.Object, int, java.lang.Object, java.lang.Object)'> (0x000000060aaec638) 
thrown [s\src\hotspot\share\interpreter\linkResolver.cpp, line 759]
Event: 21.991 Thread 0x000001ffc6bf7b60 Exception <a 'java/lang/NoSuchMethodError'{0x000000060fddd360}: static Ljava/lang/Object;.<clinit>()V> (0x000000060fddd360) 
thrown [s\src\hotspot\share\prims\jni.cpp, line 1112]
Event: 21.991 Thread 0x000001ffc6bf7b60 Exception <a 'java/lang/NoSuchMethodError'{0x000000060fde8258}: static Lorg/jetbrains/kotlin/gradle/plugin/statistics/MetricContainer;.<clinit>()V> (0x000000060fde8258) 
thrown [s\src\hotspot\share\prims\jni.cpp, line 1112]
Event: 22.019 Thread 0x000001ffc6bfc750 Exception <a 'java/lang/NoSuchMethodError'{0x000000060d41b8f0}: 'int java.lang.invoke.DirectMethodHandle$Holder.invokeSpecial(java.lang.Object, java.lang.Object, java.lang.Object, java.lang.Object, java.lang.Object)'> (0x000000060d41b8f0) 
thrown [s\src\hotspot\share\interpreter\linkResolver.cpp, line 759]
Event: 22.424 Thread 0x000001ffc6bfc750 Exception <a 'java/lang/NoSuchMethodError'{0x000000060cf0ed90}: static Ljava/lang/Object;.<clinit>()V> (0x000000060cf0ed90) 
thrown [s\src\hotspot\share\prims\jni.cpp, line 1112]
Event: 22.498 Thread 0x000001ffc711a260 Exception <a 'java/lang/NoSuchMethodError'{0x000000060c0e73a0}: 'int java.lang.invoke.DirectMethodHandle$Holder.invokeStaticInit(java.lang.Object, java.lang.Object, int)'> (0x000000060c0e73a0) 
thrown [s\src\hotspot\share\interpreter\linkResolver.cpp, line 759]
Event: 22.689 Thread 0x000001ffc6bfc750 Exception <a 'java/lang/NoSuchMethodError'{0x0000000611c1ff60}: 'int java.lang.invoke.DirectMethodHandle$Holder.invokeStatic(java.lang.Object, java.lang.Object, int, int)'> (0x0000000611c1ff60) 
thrown [s\src\hotspot\share\interpreter\linkResolver.cpp, line 759]
Event: 22.689 Thread 0x000001ffc4a85f60 Exception <a 'java/lang/NoSuchMethodError'{0x0000000611a855c0}: 'int java.lang.invoke.DirectMethodHandle$Holder.invokeStatic(java.lang.Object, java.lang.Object, int, int)'> (0x0000000611a855c0) 
thrown [s\src\hotspot\share\interpreter\linkResolver.cpp, line 759]
Event: 22.747 Thread 0x000001ffc6bfc750 Implicit null exception at 0x000001ff1041b497 to 0x000001ff1041bb50
Event: 22.822 Thread 0x000001ffc711a260 Exception <a 'java/lang/NoSuchMethodError'{0x0000000611db50e8}: 'int java.lang.invoke.DirectMethodHandle$Holder.invokeStatic(java.lang.Object, java.lang.Object, java.lang.Object, int)'> (0x0000000611db50e8) 
thrown [s\src\hotspot\share\interpreter\linkResolver.cpp, line 759]
Event: 22.823 Thread 0x000001ffc71179e0 Exception <a 'java/lang/NoSuchMethodError'{0x0000000611d0dff8}: 'int java.lang.invoke.DirectMethodHandle$Holder.invokeStatic(java.lang.Object, java.lang.Object, java.lang.Object, int)'> (0x0000000611d0dff8) 
thrown [s\src\hotspot\share\interpreter\linkResolver.cpp, line 759]
Event: 22.834 Thread 0x000001ffc4a85a50 Implicit null exception at 0x000001ff1041c397 to 0x000001ff1041cb18
Event: 23.396 Thread 0x000001ffc711a260 Implicit null exception at 0x000001ff10b19b89 to 0x000001ff10b1adfc

VM Operations (20 events):
Event: 22.975 Executing VM operation: G1CollectForAllocation
Event: 22.976 Executing VM operation: G1CollectForAllocation done
Event: 22.978 Executing VM operation: G1CollectForAllocation
Event: 22.980 Executing VM operation: G1CollectForAllocation done
Event: 23.017 Executing VM operation: G1PauseRemark
Event: 23.025 Executing VM operation: G1PauseRemark done
Event: 23.054 Executing VM operation: G1CollectForAllocation
Event: 23.091 Executing VM operation: G1CollectForAllocation done
Event: 23.113 Executing VM operation: G1PauseCleanup
Event: 23.114 Executing VM operation: G1PauseCleanup done
Event: 23.250 Executing VM operation: HandshakeAllThreads
Event: 23.294 Executing VM operation: HandshakeAllThreads done
Event: 23.295 Executing VM operation: HandshakeAllThreads
Event: 23.309 Executing VM operation: HandshakeAllThreads done
Event: 23.330 Executing VM operation: HandshakeAllThreads
Event: 23.359 Executing VM operation: HandshakeAllThreads done
Event: 23.389 Executing VM operation: ICBufferFull
Event: 23.389 Executing VM operation: ICBufferFull done
Event: 23.430 Executing VM operation: HandshakeAllThreads
Event: 23.430 Executing VM operation: HandshakeAllThreads done

Memory protections (0 events):
No events

Nmethod flushes (20 events):
Event: 23.459 Thread 0x000001ff7d2231c0 flushing  nmethod 0x000001ff01e7eb10
Event: 23.459 Thread 0x000001ff7d2231c0 flushing  nmethod 0x000001ff01e7f710
Event: 23.459 Thread 0x000001ff7d2231c0 flushing  nmethod 0x000001ff01e7fe10
Event: 23.459 Thread 0x000001ff7d2231c0 flushing  nmethod 0x000001ff01e80d90
Event: 23.459 Thread 0x000001ff7d2231c0 flushing  nmethod 0x000001ff01e81590
Event: 23.459 Thread 0x000001ff7d2231c0 flushing  nmethod 0x000001ff01e85490
Event: 23.460 Thread 0x000001ff7d2231c0 flushing  nmethod 0x000001ff01e86f10
Event: 23.460 Thread 0x000001ff7d2231c0 flushing  nmethod 0x000001ff01e87e90
Event: 23.460 Thread 0x000001ff7d2231c0 flushing  nmethod 0x000001ff01e8c590
Event: 23.460 Thread 0x000001ff7d2231c0 flushing  nmethod 0x000001ff01e8d990
Event: 23.460 Thread 0x000001ff7d2231c0 flushing  nmethod 0x000001ff01e8e890
Event: 23.460 Thread 0x000001ff7d2231c0 flushing  nmethod 0x000001ff01e8ff10
Event: 23.460 Thread 0x000001ff7d2231c0 flushing  nmethod 0x000001ff01e9a890
Event: 23.460 Thread 0x000001ff7d2231c0 flushing  nmethod 0x000001ff01e9ac10
Event: 23.460 Thread 0x000001ff7d2231c0 flushing  nmethod 0x000001ff01e9cf90
Event: 23.460 Thread 0x000001ff7d2231c0 flushing  nmethod 0x000001ff01e9d610
Event: 23.460 Thread 0x000001ff7d2231c0 flushing  nmethod 0x000001ff01eb8d10
Event: 23.460 Thread 0x000001ff7d2231c0 flushing  nmethod 0x000001ff01ebf290
Event: 23.460 Thread 0x000001ff7d2231c0 flushing  nmethod 0x000001ff01ebfb10
Event: 23.460 Thread 0x000001ff7d2231c0 flushing  nmethod 0x000001ff01ec0010

Events (20 events):
Event: 22.316 Thread 0x000001ffc6bfc750 Thread added: 0x000001ffc4a81d90
Event: 22.316 Thread 0x000001ffc6bfc750 Thread added: 0x000001ffc4a7f510
Event: 22.316 Thread 0x000001ffc6bfc750 Thread added: 0x000001ffc4a831d0
Event: 22.316 Thread 0x000001ffc6bfc750 Thread added: 0x000001ffc4a7fa20
Event: 22.317 Thread 0x000001ffc6bfc750 Thread added: 0x000001ffc4a836e0
Event: 22.317 Thread 0x000001ffc6bfc750 Thread added: 0x000001ffc4a7ff30
Event: 22.419 Thread 0x000001ffc6bfc750 Thread added: 0x000001ffc4a83bf0
Event: 22.420 Thread 0x000001ffc6bfc750 Thread added: 0x000001ffc4a80440
Event: 22.420 Thread 0x000001ffc6bfc750 Thread added: 0x000001ffc4a84100
Event: 22.420 Thread 0x000001ffc6bfc750 Thread added: 0x000001ffc4a86980
Event: 22.420 Thread 0x000001ffc6bfc750 Thread added: 0x000001ffc4a84610
Event: 22.420 Thread 0x000001ffc6bfc750 Thread added: 0x000001ffc4a84b20
Event: 22.420 Thread 0x000001ffc6bfc750 Thread added: 0x000001ffc4a85030
Event: 22.433 Thread 0x000001ffc6bfc750 Thread added: 0x000001ffc4a85a50
Event: 22.433 Thread 0x000001ffc6bfc750 Thread added: 0x000001ffc4a85f60
Event: 22.434 Thread 0x000001ffc6bfc750 Thread added: 0x000001ffc4a85540
Event: 22.435 Thread 0x000001ffc6bfc750 Thread added: 0x000001ffc4a86470
Event: 22.435 Thread 0x000001ffc6bfc750 Thread added: 0x000001ffc7117ef0
Event: 22.436 Thread 0x000001ffc6bfc750 Thread added: 0x000001ffc71179e0
Event: 22.436 Thread 0x000001ffc6bfc750 Thread added: 0x000001ffc711a260


Dynamic libraries:
0x00007ff7b3140000 - 0x00007ff7b314e000 	C:\Program Files\Microsoft\jdk-17.0.13.11-hotspot\bin\java.exe
0x00007ff91db00000 - 0x00007ff91dd67000 	C:\WINDOWS\SYSTEM32\ntdll.dll
0x00007ff91c990000 - 0x00007ff91ca59000 	C:\WINDOWS\System32\KERNEL32.DLL
0x00007ff91b2a0000 - 0x00007ff91b692000 	C:\WINDOWS\System32\KERNELBASE.dll
0x00007ff9179d0000 - 0x00007ff917a6f000 	C:\WINDOWS\SYSTEM32\apphelp.dll
0x00007ff91b150000 - 0x00007ff91b29b000 	C:\WINDOWS\System32\ucrtbase.dll
0x00007ff8fd750000 - 0x00007ff8fd76d000 	C:\Program Files\Microsoft\jdk-17.0.13.11-hotspot\bin\VCRUNTIME140.dll
0x00007ff8ff3f0000 - 0x00007ff8ff407000 	C:\Program Files\Microsoft\jdk-17.0.13.11-hotspot\bin\jli.dll
0x00007ff91b8a0000 - 0x00007ff91ba65000 	C:\WINDOWS\System32\USER32.dll
0x00007ff91a490000 - 0x00007ff91a4b7000 	C:\WINDOWS\System32\win32u.dll
0x00007ff902c60000 - 0x00007ff902ef3000 	C:\WINDOWS\WinSxS\amd64_microsoft.windows.common-controls_6595b64144ccf1df_6.0.26100.7859_none_3e0affa8e332208c\COMCTL32.dll
0x00007ff91ca70000 - 0x00007ff91ca9b000 	C:\WINDOWS\System32\GDI32.dll
0x00007ff91c600000 - 0x00007ff91c6a9000 	C:\WINDOWS\System32\msvcrt.dll
0x00007ff91a4c0000 - 0x00007ff91a5ea000 	C:\WINDOWS\System32\gdi32full.dll
0x00007ff91a3e0000 - 0x00007ff91a483000 	C:\WINDOWS\System32\msvcp_win.dll
0x00007ff91c6b0000 - 0x00007ff91c6e1000 	C:\WINDOWS\System32\IMM32.DLL
0x00007ff914a80000 - 0x00007ff914a8c000 	C:\Program Files\Microsoft\jdk-17.0.13.11-hotspot\bin\vcruntime140_1.dll
0x00007ff8bbce0000 - 0x00007ff8bbd6d000 	C:\Program Files\Microsoft\jdk-17.0.13.11-hotspot\bin\msvcp140.dll
0x00007ff875600000 - 0x00007ff876271000 	C:\Program Files\Microsoft\jdk-17.0.13.11-hotspot\bin\server\jvm.dll
0x00007ff91c4c0000 - 0x00007ff91c57b000 	C:\WINDOWS\System32\ADVAPI32.dll
0x00007ff91d930000 - 0x00007ff91d9d7000 	C:\WINDOWS\System32\sechost.dll
0x00007ff91d400000 - 0x00007ff91d518000 	C:\WINDOWS\System32\RPCRT4.dll
0x00007ff91c580000 - 0x00007ff91c5f4000 	C:\WINDOWS\System32\WS2_32.dll
0x00007ff91a240000 - 0x00007ff91a29e000 	C:\WINDOWS\SYSTEM32\POWRPROF.dll
0x00007ff911f60000 - 0x00007ff911f6b000 	C:\WINDOWS\SYSTEM32\VERSION.dll
0x00007ff909710000 - 0x00007ff909745000 	C:\WINDOWS\SYSTEM32\WINMM.dll
0x00007ff91a220000 - 0x00007ff91a234000 	C:\WINDOWS\SYSTEM32\UMPDC.dll
0x00007ff919130000 - 0x00007ff91914b000 	C:\WINDOWS\SYSTEM32\kernel.appcore.dll
0x00007ff906340000 - 0x00007ff90634a000 	C:\Program Files\Microsoft\jdk-17.0.13.11-hotspot\bin\jimage.dll
0x00007ff918300000 - 0x00007ff918542000 	C:\WINDOWS\SYSTEM32\DBGHELP.DLL
0x00007ff91d520000 - 0x00007ff91d8a2000 	C:\WINDOWS\System32\combase.dll
0x00007ff91ba70000 - 0x00007ff91bb47000 	C:\WINDOWS\System32\OLEAUT32.dll
0x00007ff8e1320000 - 0x00007ff8e135b000 	C:\WINDOWS\SYSTEM32\dbgcore.DLL
0x00007ff91b7f0000 - 0x00007ff91b895000 	C:\WINDOWS\System32\bcryptPrimitives.dll
0x00007ff906300000 - 0x00007ff90630e000 	C:\Program Files\Microsoft\jdk-17.0.13.11-hotspot\bin\instrument.dll
0x00007ff8f4580000 - 0x00007ff8f45a5000 	C:\Program Files\Microsoft\jdk-17.0.13.11-hotspot\bin\java.dll
0x00007ff8ba340000 - 0x00007ff8ba417000 	C:\Program Files\Microsoft\jdk-17.0.13.11-hotspot\bin\jsvml.dll
0x00007ff91cc90000 - 0x00007ff91d3f0000 	C:\WINDOWS\System32\SHELL32.dll
0x00007ff91afe0000 - 0x00007ff91b14a000 	C:\WINDOWS\System32\wintypes.dll
0x00007ff91a5f0000 - 0x00007ff91ae56000 	C:\WINDOWS\System32\windows.storage.dll
0x00007ff91bb60000 - 0x00007ff91bc59000 	C:\WINDOWS\System32\SHCORE.dll
0x00007ff91d8b0000 - 0x00007ff91d917000 	C:\WINDOWS\System32\shlwapi.dll
0x00007ff91a300000 - 0x00007ff91a328000 	C:\WINDOWS\SYSTEM32\profapi.dll
0x00007ff8fced0000 - 0x00007ff8fcee8000 	C:\Program Files\Microsoft\jdk-17.0.13.11-hotspot\bin\zip.dll
0x00007ff8f39b0000 - 0x00007ff8f39ca000 	C:\Program Files\Microsoft\jdk-17.0.13.11-hotspot\bin\net.dll
0x00007ff911ac0000 - 0x00007ff911be7000 	C:\WINDOWS\SYSTEM32\WINHTTP.dll
0x00007ff9196b0000 - 0x00007ff91971b000 	C:\WINDOWS\system32\mswsock.dll
0x00007ff8f3990000 - 0x00007ff8f39a6000 	C:\Program Files\Microsoft\jdk-17.0.13.11-hotspot\bin\nio.dll
0x00007ff906220000 - 0x00007ff906230000 	C:\Program Files\Microsoft\jdk-17.0.13.11-hotspot\bin\verify.dll
0x00007ff906350000 - 0x00007ff906377000 	D:\flutter_tools\gradle\native\1def1411415f61bf3af743bc5b6707747c0891f09f0c88961ee8f79bc544acac\windows-amd64\native-platform.dll
0x00007ff8ba2c0000 - 0x00007ff8ba338000 	D:\flutter_tools\gradle\native\0.2.7\x86_64-windows-gnu\gradle-fileevents.dll
0x00007ff9060b0000 - 0x00007ff9060ba000 	C:\Program Files\Microsoft\jdk-17.0.13.11-hotspot\bin\management.dll
0x00007ff904270000 - 0x00007ff90427b000 	C:\Program Files\Microsoft\jdk-17.0.13.11-hotspot\bin\management_ext.dll
0x00007ff91d920000 - 0x00007ff91d928000 	C:\WINDOWS\System32\PSAPI.DLL
0x00007ff918b00000 - 0x00007ff918b33000 	C:\WINDOWS\SYSTEM32\IPHLPAPI.DLL
0x00007ff91c810000 - 0x00007ff91c81a000 	C:\WINDOWS\System32\NSI.dll
0x00007ff911d90000 - 0x00007ff911dad000 	C:\WINDOWS\SYSTEM32\dhcpcsvc6.DLL
0x00007ff9111f0000 - 0x00007ff911213000 	C:\WINDOWS\SYSTEM32\dhcpcsvc.DLL
0x00007ff918b90000 - 0x00007ff918cba000 	C:\WINDOWS\SYSTEM32\DNSAPI.dll
0x00007ff9039c0000 - 0x00007ff9039c9000 	C:\Program Files\Microsoft\jdk-17.0.13.11-hotspot\bin\extnet.dll
0x00007ff9199b0000 - 0x00007ff9199cb000 	C:\WINDOWS\SYSTEM32\CRYPTSP.dll
0x00007ff919090000 - 0x00007ff9190c9000 	C:\WINDOWS\system32\rsaenh.dll
0x00007ff919780000 - 0x00007ff9197b2000 	C:\WINDOWS\SYSTEM32\USERENV.dll
0x00007ff91a2d0000 - 0x00007ff91a2fa000 	C:\WINDOWS\SYSTEM32\bcrypt.dll
0x00007ff9199d0000 - 0x00007ff9199dc000 	C:\WINDOWS\SYSTEM32\CRYPTBASE.dll
0x00007ff9013a0000 - 0x00007ff9013ae000 	C:\Program Files\Microsoft\jdk-17.0.13.11-hotspot\bin\sunmscapi.dll
0x00007ff91ae60000 - 0x00007ff91afd7000 	C:\WINDOWS\System32\CRYPT32.dll
0x00007ff919bd0000 - 0x00007ff919c00000 	C:\WINDOWS\SYSTEM32\ncrypt.dll
0x00007ff919b80000 - 0x00007ff919bbf000 	C:\WINDOWS\SYSTEM32\NTASN1.dll
0x00007ff86fd20000 - 0x00007ff86fd28000 	C:\WINDOWS\system32\wshunix.dll
0x00007ff8e9f40000 - 0x00007ff8e9f58000 	C:\WINDOWS\system32\napinsp.dll
0x00007ff8e97f0000 - 0x00007ff8e9802000 	C:\WINDOWS\System32\winrnr.dll
0x00007ff8df9a0000 - 0x00007ff8df9c2000 	C:\WINDOWS\system32\nlansp_c.dll
0x00007ff8e7380000 - 0x00007ff8e7396000 	C:\WINDOWS\system32\wshbth.dll
0x00007ff90af00000 - 0x00007ff90af0b000 	C:\Windows\System32\rasadhlp.dll
0x00007ff90e170000 - 0x00007ff90e1f6000 	C:\WINDOWS\System32\fwpuclnt.dll

dbghelp: loaded successfully - version: 4.0.5 - missing functions: none
symbol engine: initialized successfully - sym options: 0x614 - pdb path: .;C:\Program Files\Microsoft\jdk-17.0.13.11-hotspot\bin;C:\WINDOWS\SYSTEM32;C:\WINDOWS\WinSxS\amd64_microsoft.windows.common-controls_6595b64144ccf1df_6.0.26100.7859_none_3e0affa8e332208c;C:\Program Files\Microsoft\jdk-17.0.13.11-hotspot\bin\server;D:\flutter_tools\gradle\native\1def1411415f61bf3af743bc5b6707747c0891f09f0c88961ee8f79bc544acac\windows-amd64;D:\flutter_tools\gradle\native\0.2.7\x86_64-windows-gnu

VM Arguments:
jvm_args: --add-opens=java.base/java.lang=ALL-UNNAMED --add-opens=java.base/java.lang.invoke=ALL-UNNAMED --add-opens=java.base/java.util=ALL-UNNAMED --add-opens=java.prefs/java.util.prefs=ALL-UNNAMED --add-exports=jdk.compiler/com.sun.tools.javac.api=ALL-UNNAMED --add-exports=jdk.compiler/com.sun.tools.javac.util=ALL-UNNAMED --add-opens=java.base/java.util=ALL-UNNAMED --add-opens=java.prefs/java.util.prefs=ALL-UNNAMED --add-opens=java.base/java.nio.charset=ALL-UNNAMED --add-opens=java.base/java.net=ALL-UNNAMED --add-opens=java.base/java.util.concurrent.atomic=ALL-UNNAMED --add-opens=java.xml/javax.xml.namespace=ALL-UNNAMED -XX:MaxMetaspaceSize=4G -XX:ReservedCodeCacheSize=512m -XX:+HeapDumpOnOutOfMemoryError --enable-native-access=ALL-UNNAMED -Xmx8G -Dfile.encoding=UTF-8 -Duser.country=US -Duser.language=en -Duser.variant -javaagent:D:\flutter_tools\gradle\wrapper\dists\gradle-8.14-all\c2qonpi39x1mddn7hk5gh9iqj\gradle-8.14\lib\agents\gradle-instrumentation-agent-8.14.jar 
java_command: org.gradle.launcher.daemon.bootstrap.GradleDaemon 8.14
java_class_path (initial): D:\flutter_tools\gradle\wrapper\dists\gradle-8.14-all\c2qonpi39x1mddn7hk5gh9iqj\gradle-8.14\lib\gradle-daemon-main-8.14.jar
Launcher Type: SUN_STANDARD

[Global flags]
     intx CICompilerCount                          = 4                                         {product} {ergonomic}
     uint ConcGCThreads                            = 2                                         {product} {ergonomic}
     uint G1ConcRefinementThreads                  = 8                                         {product} {ergonomic}
   size_t G1HeapRegionSize                         = 4194304                                   {product} {ergonomic}
    uintx GCDrainStackTargetSize                   = 64                                        {product} {ergonomic}
     bool HeapDumpOnOutOfMemoryError               = true                                   {manageable} {command line}
   size_t InitialHeapSize                          = 268435456                                 {product} {ergonomic}
   size_t MarkStackSize                            = 4194304                                   {product} {ergonomic}
   size_t MaxHeapSize                              = 8589934592                                {product} {command line}
   size_t MaxMetaspaceSize                         = 4294967296                                {product} {command line}
   size_t MaxNewSize                               = 5150605312                                {product} {ergonomic}
   size_t MinHeapDeltaBytes                        = 4194304                                   {product} {ergonomic}
   size_t MinHeapSize                              = 8388608                                   {product} {ergonomic}
    uintx NonNMethodCodeHeapSize                   = 5839372                                {pd product} {ergonomic}
    uintx NonProfiledCodeHeapSize                  = 265515770                              {pd product} {ergonomic}
    uintx ProfiledCodeHeapSize                     = 265515770                              {pd product} {ergonomic}
    uintx ReservedCodeCacheSize                    = 536870912                              {pd product} {command line}
     bool SegmentedCodeCache                       = true                                      {product} {ergonomic}
   size_t SoftMaxHeapSize                          = 8589934592                             {manageable} {ergonomic}
   double SweeperThreshold                         = 0.234375                                  {product} {ergonomic}
     bool UseCompressedClassPointers               = true                           {product lp64_product} {ergonomic}
     bool UseCompressedOops                        = true                           {product lp64_product} {ergonomic}
     bool UseG1GC                                  = true                                      {product} {ergonomic}
     bool UseLargePagesIndividualAllocation        = false                                  {pd product} {ergonomic}

Logging:
Log output configuration:
 #0: stdout all=warning uptime,level,tags
 #1: stderr all=off uptime,level,tags

Environment Variables:
PATH=C:\Users\Ganesan\AppData\Local\Programs\Microsoft VS Code;C:\Program Files\Microsoft\jdk-17.0.13.11-hotspot\bin;C:\MinGW\bin;C:\Program Files\Common Files\Oracle\Java\javapath;C:\Program Files (x86)\Common Files\Intel\Shared Libraries\redist\intel64\compiler;C:\Windows\system32;C:\Windows;C:\Windows\System32\Wbem;C:\Windows\System32\WindowsPowerShell\v1.0\;C:\Windows\System32\OpenSSH\;C:\Program Files (x86)\NVIDIA Corporation\PhysX\Common;C:\WINDOWS\system32;C:\WINDOWS;C:\WINDOWS\System32\Wbem;C:\WINDOWS\System32\WindowsPowerShell\v1.0\;C:\WINDOWS\System32\OpenSSH\;C:\Program Files\Microsoft SQL Server\150\Tools\Binn\;C:\Program Files\dotnet\;C:\Program Files\NVIDIA Corporation\NVIDIA app\NvDLISR;C:\Program Files\nodejs\;D:\cursor\resources\app\bin;C:\Program Files\Git\cmd;C:\Program Files (x86)\Windows Kits\10\Windows Performance Toolkit\;D:\runtime\win64;D:\bin;C:\Program Files\Microsoft SQL Server\170\Tools\Binn\;C:\Program Files\Microsoft SQL Server\Client SDK\ODBC\170\Tools\Binn\;C:\Program Files\WireGuard\;C:\Users\Ganesan\.cargo\bin;C:\Users\Ganesan\AppData\Local\Programs\Python\Python310\Scripts\;C:\Users\Ganesan\AppData\Local\Programs\Python\Python310\;C:\Users\Ganesan\AppData\Local\Microsoft\WindowsApps;C:\Users\Ganesan\AppData\Local\Programs\Microsoft VS Code\bin;C:\Program Files\JetBrains\IntelliJ IDEA Community Edition 2022.1.3\bin;C:\src\flutter\bin;C:\Users\Ganesan\AppData\Local\JetBrains\Toolbox\scripts;D:\IntelliJ IDEA Community Edition 2024.3\bin;;C:\Users\Ganesan\AppData\Local\Microsoft\WindowsApps;C:\Users\Ganesan\AppData\Roaming\npm;C:\Program Files\PostgreSQL\18\bin;C:\Users\Ganesan\.dotnet\tools;D:\Downloads from chrome\ninja-win;D:\Antigravity\bin;D:\flutter\bin
USERNAME=Ganesan
OS=Windows_NT
PROCESSOR_IDENTIFIER=Intel64 Family 6 Model 165 Stepping 2, GenuineIntel
TMP=C:\Users\Ganesan\AppData\Local\Temp
TEMP=C:\Users\Ganesan\AppData\Local\Temp



Periodic native trim disabled


---------------  S Y S T E M  ---------------

OS:
 Windows 11 , 64 bit Build 26100 (10.0.26100.7859)
OS uptime: 2 days 1:57 hours
Hyper-V role detected

CPU: total 8 (initial active 8) (4 cores per cpu, 2 threads per core) family 6 model 165 stepping 2 microcode 0xe0, cx8, cmov, fxsr, ht, mmx, 3dnowpref, sse, sse2, sse3, ssse3, sse4.1, sse4.2, popcnt, lzcnt, tsc, tscinvbit, avx, avx2, aes, erms, clmul, bmi1, bmi2, adx, fma, vzeroupper, clflush, clflushopt, hv
Processor Information for the first 8 processors :
  Max Mhz: 2496, Current Mhz: 2496, Mhz Limit: 2496

Memory: 4k page, system-wide physical 16221M (890M free)
TotalPageFile size 21986M (AvailPageFile size 67M)
current process WorkingSet (physical memory assigned to process): 1066M, peak: 1066M
current process commit charge ("private bytes"): 1144M, peak: 1146M

vm_info: OpenJDK 64-Bit Server VM (17.0.13+11-LTS) for windows-amd64 JRE (17.0.13+11-LTS), built on Oct 11 2024 23:25:05 by "MicrosoftCorporation" with unknown MS VC++:1939

END.
